Archive member included to satisfy reference by file (symbol)

C:/Users/Michelangelo/.pico-sdk/toolchain/13_3_Rel1/bin/../lib/gcc/arm-none-eabi/13.3.1/thumb/v6-m/nofp\libgcc.a(_dvmd_tls.o)
                              CMakeFiles/DisplayC.dir/C_/Users/Michelangelo/.pico-sdk/sdk/2.1.0/src/rp2_common/pico_divider/divider_hardware.S.obj (__aeabi_idiv0)
C:/Users/Michelangelo/.pico-sdk/toolchain/13_3_Rel1/bin/../lib/gcc/arm-none-eabi/13.3.1/thumb/v6-m/nofp\libg.a(libc_a-calloc.o)
                              CMakeFiles/DisplayC.dir/C_/Users/Michelangelo/.pico-sdk/sdk/2.1.0/src/rp2_common/pico_malloc/malloc.c.obj (calloc)
C:/Users/Michelangelo/.pico-sdk/toolchain/13_3_Rel1/bin/../lib/gcc/arm-none-eabi/13.3.1/thumb/v6-m/nofp\libg.a(libc_a-callocr.o)
                              C:/Users/Michelangelo/.pico-sdk/toolchain/13_3_Rel1/bin/../lib/gcc/arm-none-eabi/13.3.1/thumb/v6-m/nofp\libg.a(libc_a-calloc.o) (_calloc_r)
C:/Users/Michelangelo/.pico-sdk/toolchain/13_3_Rel1/bin/../lib/gcc/arm-none-eabi/13.3.1/thumb/v6-m/nofp\libg.a(libc_a-malloc.o)
                              CMakeFiles/DisplayC.dir/C_/Users/Michelangelo/.pico-sdk/sdk/2.1.0/src/rp2_common/pico_malloc/malloc.c.obj (malloc)
C:/Users/Michelangelo/.pico-sdk/toolchain/13_3_Rel1/bin/../lib/gcc/arm-none-eabi/13.3.1/thumb/v6-m/nofp\libg.a(libc_a-mallocr.o)
                              C:/Users/Michelangelo/.pico-sdk/toolchain/13_3_Rel1/bin/../lib/gcc/arm-none-eabi/13.3.1/thumb/v6-m/nofp\libg.a(libc_a-callocr.o) (_malloc_r)
C:/Users/Michelangelo/.pico-sdk/toolchain/13_3_Rel1/bin/../lib/gcc/arm-none-eabi/13.3.1/thumb/v6-m/nofp\libg.a(libc_a-mlock.o)
                              C:/Users/Michelangelo/.pico-sdk/toolchain/13_3_Rel1/bin/../lib/gcc/arm-none-eabi/13.3.1/thumb/v6-m/nofp\libg.a(libc_a-mallocr.o) (__malloc_lock)
C:/Users/Michelangelo/.pico-sdk/toolchain/13_3_Rel1/bin/../lib/gcc/arm-none-eabi/13.3.1/thumb/v6-m/nofp\libg.a(libc_a-realloc.o)
                              CMakeFiles/DisplayC.dir/C_/Users/Michelangelo/.pico-sdk/sdk/2.1.0/src/rp2_common/pico_malloc/malloc.c.obj (realloc)
C:/Users/Michelangelo/.pico-sdk/toolchain/13_3_Rel1/bin/../lib/gcc/arm-none-eabi/13.3.1/thumb/v6-m/nofp\libg.a(libc_a-reallocr.o)
                              C:/Users/Michelangelo/.pico-sdk/toolchain/13_3_Rel1/bin/../lib/gcc/arm-none-eabi/13.3.1/thumb/v6-m/nofp\libg.a(libc_a-realloc.o) (_realloc_r)
C:/Users/Michelangelo/.pico-sdk/toolchain/13_3_Rel1/bin/../lib/gcc/arm-none-eabi/13.3.1/thumb/v6-m/nofp\libg.a(libc_a-memcmp.o)
                              CMakeFiles/DisplayC.dir/C_/Users/Michelangelo/.pico-sdk/sdk/2.1.0/src/rp2_common/pico_atomic/atomic.c.obj (memcmp)
C:/Users/Michelangelo/.pico-sdk/toolchain/13_3_Rel1/bin/../lib/gcc/arm-none-eabi/13.3.1/thumb/v6-m/nofp\libg.a(libc_a-memmove.o)
                              C:/Users/Michelangelo/.pico-sdk/toolchain/13_3_Rel1/bin/../lib/gcc/arm-none-eabi/13.3.1/thumb/v6-m/nofp\libg.a(libc_a-reallocr.o) (memmove)
C:/Users/Michelangelo/.pico-sdk/toolchain/13_3_Rel1/bin/../lib/gcc/arm-none-eabi/13.3.1/thumb/v6-m/nofp\libg.a(libc_a-lcltime_r.o)
                              CMakeFiles/DisplayC.dir/C_/Users/Michelangelo/.pico-sdk/sdk/2.1.0/src/common/pico_util/datetime.c.obj (localtime_r)
C:/Users/Michelangelo/.pico-sdk/toolchain/13_3_Rel1/bin/../lib/gcc/arm-none-eabi/13.3.1/thumb/v6-m/nofp\libg.a(libc_a-mktime.o)
                              CMakeFiles/DisplayC.dir/C_/Users/Michelangelo/.pico-sdk/sdk/2.1.0/src/common/pico_util/datetime.c.obj (mktime)
C:/Users/Michelangelo/.pico-sdk/toolchain/13_3_Rel1/bin/../lib/gcc/arm-none-eabi/13.3.1/thumb/v6-m/nofp\libg.a(libc_a-month_lengths.o)
                              C:/Users/Michelangelo/.pico-sdk/toolchain/13_3_Rel1/bin/../lib/gcc/arm-none-eabi/13.3.1/thumb/v6-m/nofp\libg.a(libc_a-lcltime_r.o) (__month_lengths)
C:/Users/Michelangelo/.pico-sdk/toolchain/13_3_Rel1/bin/../lib/gcc/arm-none-eabi/13.3.1/thumb/v6-m/nofp\libg.a(libc_a-tzcalc_limits.o)
                              C:/Users/Michelangelo/.pico-sdk/toolchain/13_3_Rel1/bin/../lib/gcc/arm-none-eabi/13.3.1/thumb/v6-m/nofp\libg.a(libc_a-lcltime_r.o) (__tzcalc_limits)
C:/Users/Michelangelo/.pico-sdk/toolchain/13_3_Rel1/bin/../lib/gcc/arm-none-eabi/13.3.1/thumb/v6-m/nofp\libg.a(libc_a-tzlock.o)
                              C:/Users/Michelangelo/.pico-sdk/toolchain/13_3_Rel1/bin/../lib/gcc/arm-none-eabi/13.3.1/thumb/v6-m/nofp\libg.a(libc_a-lcltime_r.o) (__tz_lock)
C:/Users/Michelangelo/.pico-sdk/toolchain/13_3_Rel1/bin/../lib/gcc/arm-none-eabi/13.3.1/thumb/v6-m/nofp\libg.a(libc_a-tzset.o)
                              C:/Users/Michelangelo/.pico-sdk/toolchain/13_3_Rel1/bin/../lib/gcc/arm-none-eabi/13.3.1/thumb/v6-m/nofp\libg.a(libc_a-lcltime_r.o) (_tzset_unlocked)
C:/Users/Michelangelo/.pico-sdk/toolchain/13_3_Rel1/bin/../lib/gcc/arm-none-eabi/13.3.1/thumb/v6-m/nofp\libg.a(libc_a-tzset_r.o)
[...]
Memory Configuration

Name             Origin             Length             Attributes
FLASH            0x10000000         0x00200000         xr
RAM              0x20000000         0x00040000         xrw
SCRATCH_X        0x20040000         0x00001000         xrw
SCRATCH_Y        0x20041000         0x00001000         xrw
*default*        0x00000000         0xffffffff

Linker script and memory map

LOAD C:/Users/Michelangelo/.pico-sdk/toolchain/13_3_Rel1/bin/../lib/gcc/arm-none-eabi/13.3.1/thumb/v6-m/nofp/crti.o
LOAD C:/Users/Michelangelo/.pico-sdk/toolchain/13_3_Rel1/bin/../lib/gcc/arm-none-eabi/13.3.1/thumb/v6-m/nofp/crtbegin.o
LOAD C:/Users/Michelangelo/.pico-sdk/toolchain/13_3_Rel1/bin/../lib/gcc/arm-none-eabi/13.3.1/thumb/v6-m/nofp/crt0.o

.flash_begin    0x10000000        0x0
                0x10000000                        __flash_binary_start = .

.boot2          0x10000000      0x100
                0x10000000                        __boot2_start__ = .
 *(.boot2)
 .boot2         0x10000000      0x100 pico-sdk/src/rp2040/boot_stage2/CMakeFiles/bs2_default_library.dir/./bs2_default_padded_checksummed.S.obj
                0x10000100                        __boot2_end__ = .
                0x00000001                        ASSERT (((__boot2_end__ - __boot2_start__) == 0x100), ERROR: Pico second stage bootloader must be 256 bytes in size)

.text           0x10000100     0x2b3c
                0x10000100                        __logical_binary_start = .
 *(.vectors)
 .vectors       0x10000100       0xd4 CMakeFiles/DisplayC.dir/C_/Users/Michelangelo/.pico-sdk/sdk/2.1.0/src/rp2_common/pico_crt0/crt0.S.obj
                0x10000100                __VECTOR_TABLE
                0x10000100                __vectors
                0x100001c0                isr_invalid
                0x100001c0                __default_isrs_start
                0x100001c2                isr_nmi
                0x100001c4                isr_hardfault
                0x100001c6                isr_svcall
                0x100001c8                isr_pendsv
                0x100001ca                isr_systick
                0x100001cc                isr_irq23
                0x100001cc                isr_irq18
                0x100001cc                isr_irq11
                0x100001cc                isr_irq28
                0x100001cc                isr_irq19
                0x100001cc                isr_irq0
                0x100001cc                isr_irq6
                0x100001cc                isr_irq5
                0x100001cc                isr_irq12
                0x100001cc                isr_irq22
                0x100001cc                isr_irq31
                0x100001cc                isr_irq17
                0x100001cc                isr_irq27
                0x100001cc                isr_irq30
                0x100001cc                isr_irq2
                0x100001cc                isr_irq10
                0x100001cc                isr_irq8
                0x100001cc                isr_irq24
                0x100001cc                isr_irq1
                0x100001cc                isr_irq7
                0x100001cc                isr_irq21
                0x100001cc                isr_irq20
                0x100001cc                isr_irq15
                0x100001cc                isr_irq25
                0x100001cc                isr_irq13
                0x100001cc                __unhandled_user_irq
                0x100001cc                isr_irq4
                0x100001cc                isr_irq16
                0x100001cc                isr_irq29
                0x100001cc                isr_irq26
                0x100001cc                __default_isrs_end
                0x100001cc                isr_irq3
                0x100001cc                isr_irq14
                0x100001cc                isr_irq9
                0x100001d2                unhandled_user_irq_num_in_r0
 *(.binary_info_header)
 .binary_info_header
                0x100001d4       0x14 CMakeFiles/DisplayC.dir/C_/Users/Michelangelo/.pico-sdk/sdk/2.1.0/src/rp2_common/pico_crt0/crt0.S.obj
                0x100001e8                        __binary_info_header_end = .
 *(.embedded_block)
                0x100001e8                        __embedded_block_end = .
 *(.reset)
 .reset         0x100001e8       0x9c CMakeFiles/DisplayC.dir/C_/Users/Michelangelo/.pico-sdk/sdk/2.1.0/src/rp2_common/pico_crt0/crt0.S.obj
                0x100001e8                _entry_point
 *(.init)
 .init          0x10000284        0x4 C:/Users/Michelangelo/.pico-sdk/toolchain/13_3_Rel1/bin/../lib/gcc/arm-none-eabi/13.3.1/thumb/v6-m/nofp/crti.o
                0x10000284                _init
 *(EXCLUDE_FILE(*libm.a: *libc.a:*lib_a-mem*.o *libgcc.a:) .text*)
 .text.register_tm_clones
                0x10000288       0x28 C:/Users/Michelangelo/.pico-sdk/toolchain/13_3_Rel1/bin/../lib/gcc/arm-none-eabi/13.3.1/thumb/v6-m/nofp/crtbegin.o
 .text.frame_dummy
                0x100002b0       0x24 C:/Users/Michelangelo/.pico-sdk/toolchain/13_3_Rel1/bin/../lib/gcc/arm-none-eabi/13.3.1/thumb/v6-m/nofp/crtbegin.o
 .text.startup.main
                0x100002d4       0xe4 CMakeFiles/DisplayC.dir/DisplayC.c.obj
                0x100002d4                main
 .text.ssd1306_init
                0x100003b8       0x34 CMakeFiles/DisplayC.dir/inc/ssd1306.c.obj
                0x100003b8                ssd1306_init
 .text.ssd1306_config
                0x100003ec      0x1d0 CMakeFiles/DisplayC.dir/inc/ssd1306.c.obj
                0x100003ec                ssd1306_config
 .text.ssd1306_send_data
                0x100005bc       0x8c CMakeFiles/DisplayC.dir/inc/ssd1306.c.obj
                0x100005bc                ssd1306_send_data
 .text.ssd1306_fill
                0x10000648       0x80 CMakeFiles/DisplayC.dir/inc/ssd1306.c.obj
                0x10000648                ssd1306_fill
 .text.ssd1306_rect
                0x100006c8      0x28c CMakeFiles/DisplayC.dir/inc/ssd1306.c.obj
                0x100006c8                ssd1306_rect
 .text.ssd1306_draw_char
                0x10000954      0x254 CMakeFiles/DisplayC.dir/inc/ssd1306.c.obj
                0x10000954                ssd1306_draw_char
 .text.ssd1306_draw_string
                0x10000ba8       0x40 CMakeFiles/DisplayC.dir/inc/ssd1306.c.obj
                0x10000ba8                ssd1306_draw_string
 .text.gpio_set_function
                0x10000be8       0x34 CMakeFiles/DisplayC.dir/C_/Users/Michelangelo/.pico-sdk/sdk/2.1.0/src/rp2_common/hardware_gpio/gpio.c.obj
                0x10000be8                gpio_set_function
 .text.gpio_set_pulls
                0x10000c1c       0x28 CMakeFiles/DisplayC.dir/C_/Users/Michelangelo/.pico-sdk/sdk/2.1.0/src/rp2_common/hardware_gpio/gpio.c.obj
                0x10000c1c                gpio_set_pulls
 .text.panic    0x10000c44       0x30 CMakeFiles/DisplayC.dir/C_/Users/Michelangelo/.pico-sdk/sdk/2.1.0/src/rp2_common/pico_platform_panic/panic.c.obj
                0x10000c44                panic
 .text.hw_claim_or_assert
                0x10000c74       0x44 CMakeFiles/DisplayC.dir/C_/Users/Michelangelo/.pico-sdk/sdk/2.1.0/src/common/hardware_claim/claim.c.obj
                0x10000c74                hw_claim_or_assert
 .text.next_striped_spin_lock_num
                0x10000cb8       0x18 CMakeFiles/DisplayC.dir/C_/Users/Michelangelo/.pico-sdk/sdk/2.1.0/src/rp2_common/hardware_sync/sync.c.obj
                0x10000cb8                next_striped_spin_lock_num
 .text.spin_locks_reset
                0x10000cd0       0x1c CMakeFiles/DisplayC.dir/C_/Users/Michelangelo/.pico-sdk/sdk/2.1.0/src/rp2_common/hardware_sync_spin_lock/sync_spin_lock.c.obj
                0x10000cd0                spin_locks_reset
 .text.runtime_init_per_core_irq_priorities
                0x10000cec       0x24 CMakeFiles/DisplayC.dir/C_/Users/Michelangelo/.pico-sdk/sdk/2.1.0/src/rp2_common/hardware_irq/irq.c.obj
                0x10000cec                runtime_init_per_core_irq_priorities
 .text.irq_set_enabled
                0x10000d10       0x24 CMakeFiles/DisplayC.dir/C_/Users/Michelangelo/.pico-sdk/sdk/2.1.0/src/rp2_common/hardware_irq/irq.c.obj
                0x10000d10                irq_set_enabled
 .text.irq_set_exclusive_handler
                0x10000d34       0x54 CMakeFiles/DisplayC.dir/C_/Users/Michelangelo/.pico-sdk/sdk/2.1.0/src/rp2_common/hardware_irq/irq.c.obj
                0x10000d34                irq_set_exclusive_handler
 .text.lock_init
                0x10000d88       0x10 CMakeFiles/DisplayC.dir/C_/Users/Michelangelo/.pico-sdk/sdk/2.1.0/src/common/pico_sync/lock_core.c.obj
                0x10000d88                lock_init
 .text.runtime_init_mutex
                0x10000d98       0x50 CMakeFiles/DisplayC.dir/C_/Users/Michelangelo/.pico-sdk/sdk/2.1.0/src/common/pico_sync/mutex.c.obj
                0x10000d98                runtime_init_mutex
 .text.sleep_until_callback
                0x10000de8       0x30 CMakeFiles/DisplayC.dir/C_/Users/Michelangelo/.pico-sdk/sdk/2.1.0/src/common/pico_time/time.c.obj
 .text.alarm_pool_irq_handler
                0x10000e18      0x2fc CMakeFiles/DisplayC.dir/C_/Users/Michelangelo/.pico-sdk/sdk/2.1.0/src/common/pico_time/time.c.obj
 .text.runtime_init_default_alarm_pool
                0x10001114       0xdc CMakeFiles/DisplayC.dir/C_/Users/Michelangelo/.pico-sdk/sdk/2.1.0/src/common/pico_time/time.c.obj
                0x10001114                runtime_init_default_alarm_pool
 .text.alarm_pool_add_alarm_at_force_in_context
                0x100011f0       0xb0 CMakeFiles/DisplayC.dir/C_/Users/Michelangelo/.pico-sdk/sdk/2.1.0/src/common/pico_time/time.c.obj
                0x100011f0                alarm_pool_add_alarm_at_force_in_context
 .text.alarm_pool_cancel_alarm
                0x100012a0       0x74 CMakeFiles/DisplayC.dir/C_/Users/Michelangelo/.pico-sdk/sdk/2.1.0/src/common/pico_time/time.c.obj
                0x100012a0                alarm_pool_cancel_alarm
 .text.sleep_until
                0x10001314       0xd8 CMakeFiles/DisplayC.dir/C_/Users/Michelangelo/.pico-sdk/sdk/2.1.0/src/common/pico_time/time.c.obj
                0x10001314                sleep_until
 .text.sleep_ms
                0x100013ec       0x38 CMakeFiles/DisplayC.dir/C_/Users/Michelangelo/.pico-sdk/sdk/2.1.0/src/common/pico_time/time.c.obj
                0x100013ec                sleep_ms
 .text.best_effort_wfe_or_timeout
                0x10001424       0xe0 CMakeFiles/DisplayC.dir/C_/Users/Michelangelo/.pico-sdk/sdk/2.1.0/src/common/pico_time/time.c.obj
                0x10001424                best_effort_wfe_or_timeout
 .text.timer_hardware_alarm_claim
                0x10001504       0x14 CMakeFiles/DisplayC.dir/C_/Users/Michelangelo/.pico-sdk/sdk/2.1.0/src/rp2_common/hardware_timer/timer.c.obj
                0x10001504                timer_hardware_alarm_claim
 .text.timer_time_us_64
                0x10001518       0x10 CMakeFiles/DisplayC.dir/C_/Users/Michelangelo/.pico-sdk/sdk/2.1.0/src/rp2_common/hardware_timer/timer.c.obj
                0x10001518                timer_time_us_64
 .text.time_us_64
                0x10001528       0x14 CMakeFiles/DisplayC.dir/C_/Users/Michelangelo/.pico-sdk/sdk/2.1.0/src/rp2_common/hardware_timer/timer.c.obj
                0x10001528                time_us_64
 .text.busy_wait_until
                0x1000153c       0x20 CMakeFiles/DisplayC.dir/C_/Users/Michelangelo/.pico-sdk/sdk/2.1.0/src/rp2_common/hardware_timer/timer.c.obj
                0x1000153c                busy_wait_until
 .text.clock_configure_int_divider
                0x1000155c       0xf4 CMakeFiles/DisplayC.dir/C_/Users/Michelangelo/.pico-sdk/sdk/2.1.0/src/rp2_common/hardware_clocks/clocks.c.obj
                0x1000155c                clock_configure_int_divider
 .text.clock_configure_undivided
                0x10001650       0xe8 CMakeFiles/DisplayC.dir/C_/Users/Michelangelo/.pico-sdk/sdk/2.1.0/src/rp2_common/hardware_clocks/clocks.c.obj
                0x10001650                clock_configure_undivided
 .text.clock_get_hz
                0x10001738        0xc CMakeFiles/DisplayC.dir/C_/Users/Michelangelo/.pico-sdk/sdk/2.1.0/src/rp2_common/hardware_clocks/clocks.c.obj
                0x10001738                clock_get_hz
 .text.pll_init
                0x10001744       0xa4 CMakeFiles/DisplayC.dir/C_/Users/Michelangelo/.pico-sdk/sdk/2.1.0/src/rp2_common/hardware_pll/pll.c.obj
                0x10001744                pll_init
 .text.tick_start
                0x100017e8       0x10 CMakeFiles/DisplayC.dir/C_/Users/Michelangelo/.pico-sdk/sdk/2.1.0/src/rp2_common/hardware_ticks/ticks.c.obj
                0x100017e8                tick_start
 .text.rom_func_lookup
                0x100017f8       0x10 CMakeFiles/DisplayC.dir/C_/Users/Michelangelo/.pico-sdk/sdk/2.1.0/src/rp2_common/pico_bootrom/bootrom.c.obj
                0x100017f8                rom_func_lookup
 .text.rom_data_lookup
                0x10001808       0x10 CMakeFiles/DisplayC.dir/C_/Users/Michelangelo/.pico-sdk/sdk/2.1.0/src/rp2_common/pico_bootrom/bootrom.c.obj
                0x10001808                rom_data_lookup
 .text.rom_funcs_lookup
                0x10001818       0x44 CMakeFiles/DisplayC.dir/C_/Users/Michelangelo/.pico-sdk/sdk/2.1.0/src/rp2_common/pico_bootrom/bootrom.c.obj
                0x10001818                rom_funcs_lookup
 .text.xosc_init
                0x1000185c       0x28 CMakeFiles/DisplayC.dir/C_/Users/Michelangelo/.pico-sdk/sdk/2.1.0/src/rp2_common/hardware_xosc/xosc.c.obj
                0x1000185c                xosc_init
 .text.first_per_core_initializer
                0x10001884        0x4 CMakeFiles/DisplayC.dir/C_/Users/Michelangelo/.pico-sdk/sdk/2.1.0/src/rp2_common/pico_runtime/runtime.c.obj
 .text.hard_assertion_failure
                0x10001888        0xc CMakeFiles/DisplayC.dir/C_/Users/Michelangelo/.pico-sdk/sdk/2.1.0/src/rp2_common/pico_runtime/runtime.c.obj
                0x10001888                hard_assertion_failure
 .text.runtime_run_initializers
                0x10001894       0x28 CMakeFiles/DisplayC.dir/C_/Users/Michelangelo/.pico-sdk/sdk/2.1.0/src/rp2_common/pico_runtime/runtime.c.obj
                0x10001894                runtime_run_initializers
 .text.runtime_init_early_resets
                0x100018bc       0x2c CMakeFiles/DisplayC.dir/C_/Users/Michelangelo/.pico-sdk/sdk/2.1.0/src/rp2_common/pico_runtime_init/runtime_init.c.obj
                0x100018bc                runtime_init_early_resets
 .text.runtime_init_usb_power_down
                0x100018e8       0x1c CMakeFiles/DisplayC.dir/C_/Users/Michelangelo/.pico-sdk/sdk/2.1.0/src/rp2_common/pico_runtime_init/runtime_init.c.obj
                0x100018e8                runtime_init_usb_power_down
 .text.runtime_init_post_clock_resets
                0x10001904       0x20 CMakeFiles/DisplayC.dir/C_/Users/Michelangelo/.pico-sdk/sdk/2.1.0/src/rp2_common/pico_runtime_init/runtime_init.c.obj
                0x10001904                runtime_init_post_clock_resets
 .text.runtime_init_rp2040_gpio_ie_disable
                0x10001924       0x14 CMakeFiles/DisplayC.dir/C_/Users/Michelangelo/.pico-sdk/sdk/2.1.0/src/rp2_common/pico_runtime_init/runtime_init.c.obj
                0x10001924                runtime_init_rp2040_gpio_ie_disable
 .text.runtime_init_spin_locks_reset
                0x10001938        0x8 CMakeFiles/DisplayC.dir/C_/Users/Michelangelo/.pico-sdk/sdk/2.1.0/src/rp2_common/pico_runtime_init/runtime_init.c.obj
                0x10001938                runtime_init_spin_locks_reset
 .text.runtime_init_install_ram_vector_table
                0x10001940       0x1c CMakeFiles/DisplayC.dir/C_/Users/Michelangelo/.pico-sdk/sdk/2.1.0/src/rp2_common/pico_runtime_init/runtime_init.c.obj
                0x10001940                runtime_init_install_ram_vector_table
 .text.runtime_init_clocks
                0x1000195c       0xd8 CMakeFiles/DisplayC.dir/C_/Users/Michelangelo/.pico-sdk/sdk/2.1.0/src/rp2_common/pico_runtime_init/runtime_init_clocks.c.obj
                0x1000195c                runtime_init_clocks
 .text          0x10001a34       0x10 CMakeFiles/DisplayC.dir/C_/Users/Michelangelo/.pico-sdk/sdk/2.1.0/src/rp2_common/pico_bit_ops/bit_ops_aeabi.S.obj
 .text.__wrap___aeabi_uidiv
                0x10001a44       0x4c CMakeFiles/DisplayC.dir/C_/Users/Michelangelo/.pico-sdk/sdk/2.1.0/src/rp2_common/pico_divider/divider_hardware.S.obj
                0x10001a44                __wrap___aeabi_uidiv
                0x10001a44                __wrap___aeabi_uidivmod
                0x10001a44                div_u32u32
                0x10001a44                divmod_u32u32
                0x10001a4c                divmod_u32u32_unsafe
                0x10001a74                divmod_u32u32_savestate
 .text.__aeabi_double_init
                0x10001a90       0xa4 CMakeFiles/DisplayC.dir/C_/Users/Michelangelo/.pico-sdk/sdk/2.1.0/src/rp2_common/pico_double/double_init_rom_rp2040.c.obj
                0x10001a90                __aeabi_double_init
 .text.double_table_shim_on_use_helper
                0x10001b34       0x2c CMakeFiles/DisplayC.dir/C_/Users/Michelangelo/.pico-sdk/sdk/2.1.0/src/rp2_common/pico_double/double_v1_rom_shim_rp2040.S.obj
                0x10001b34                double_table_shim_on_use_helper
 .text.__aeabi_lmul
                0x10001b60       0x32 CMakeFiles/DisplayC.dir/C_/Users/Michelangelo/.pico-sdk/sdk/2.1.0/src/rp2_common/pico_int64_ops/pico_int64_ops_aeabi.S.obj
                0x10001b60                __wrap___aeabi_lmul
 *fill*         0x10001b92        0x2 
 .text.__aeabi_float_init
                0x10001b94       0x64 CMakeFiles/DisplayC.dir/C_/Users/Michelangelo/.pico-sdk/sdk/2.1.0/src/rp2_common/pico_float/float_init_rom_rp2040.c.obj
                0x10001b94                __aeabi_float_init
 .text.float_table_shim_on_use_helper
                0x10001bf8       0x2c CMakeFiles/DisplayC.dir/C_/Users/Michelangelo/.pico-sdk/sdk/2.1.0/src/rp2_common/pico_float/float_v1_rom_shim_rp2040.S.obj
                0x10001bf8                float_table_shim_on_use_helper
 .text.__wrap_calloc
                0x10001c24       0x28 CMakeFiles/DisplayC.dir/C_/Users/Michelangelo/.pico-sdk/sdk/2.1.0/src/rp2_common/pico_malloc/malloc.c.obj
                0x10001c24                __wrap_calloc
 .text          0x10001c4c       0x10 CMakeFiles/DisplayC.dir/C_/Users/Michelangelo/.pico-sdk/sdk/2.1.0/src/rp2_common/pico_mem_ops/mem_ops_aeabi.S.obj
                0x10001c4c                __aeabi_mem_init
 .text.memset   0x10001c5c        0xc CMakeFiles/DisplayC.dir/C_/Users/Michelangelo/.pico-sdk/sdk/2.1.0/src/rp2_common/pico_mem_ops/mem_ops_aeabi.S.obj
                0x10001c5c                __wrap_memset
 .text.memcpy   0x10001c68        0xc CMakeFiles/DisplayC.dir/C_/Users/Michelangelo/.pico-sdk/sdk/2.1.0/src/rp2_common/pico_mem_ops/mem_ops_aeabi.S.obj
                0x10001c68                __wrap_memcpy
                0x10001c68                __wrap___aeabi_memcpy
 .text._out_char
                0x10001c74       0x10 CMakeFiles/DisplayC.dir/C_/Users/Michelangelo/.pico-sdk/sdk/2.1.0/src/rp2_common/pico_printf/printf.c.obj
 .text.weak_raw_vprintf
                0x10001c84       0x30 CMakeFiles/DisplayC.dir/C_/Users/Michelangelo/.pico-sdk/sdk/2.1.0/src/rp2_common/pico_printf/printf.c.obj
                0x10001c84                weak_raw_vprintf
 .text._exit    0x10001cb4        0x4 CMakeFiles/DisplayC.dir/C_/Users/Michelangelo/.pico-sdk/sdk/2.1.0/src/rp2_common/pico_clib_interface/newlib_interface.c.obj
                0x10001cb4                _exit
 .text._sbrk    0x10001cb8       0x34 CMakeFiles/DisplayC.dir/C_/Users/Michelangelo/.pico-sdk/sdk/2.1.0/src/rp2_common/pico_clib_interface/newlib_interface.c.obj
                0x10001cb8                _sbrk
 .text.exit     0x10001cec        0x8 CMakeFiles/DisplayC.dir/C_/Users/Michelangelo/.pico-sdk/sdk/2.1.0/src/rp2_common/pico_clib_interface/newlib_interface.c.obj
                0x10001cec                exit
 .text.runtime_init
                0x10001cf4       0x2c CMakeFiles/DisplayC.dir/C_/Users/Michelangelo/.pico-sdk/sdk/2.1.0/src/rp2_common/pico_clib_interface/newlib_interface.c.obj
                0x10001cf4                runtime_init
 .text.stdio_out_chars_no_crlf
                0x10001d20       0x10 CMakeFiles/DisplayC.dir/C_/Users/Michelangelo/.pico-sdk/sdk/2.1.0/src/rp2_common/pico_stdio/stdio.c.obj
 .text.stdio_out_chars_crlf
                0x10001d30       0x94 CMakeFiles/DisplayC.dir/C_/Users/Michelangelo/.pico-sdk/sdk/2.1.0/src/rp2_common/pico_stdio/stdio.c.obj
 .text.stdio_put_string
                0x10001dc4      0x100 CMakeFiles/DisplayC.dir/C_/Users/Michelangelo/.pico-sdk/sdk/2.1.0/src/rp2_common/pico_stdio/stdio.c.obj
                0x10001dc4                stdio_put_string
 .text.__wrap_putchar
                0x10001ec4       0x98 CMakeFiles/DisplayC.dir/C_/Users/Michelangelo/.pico-sdk/sdk/2.1.0/src/rp2_common/pico_stdio/stdio.c.obj
                0x10001ec4                __wrap_putchar
                0x10001ec4                stdio_putchar
 .text.__wrap_puts
                0x10001f5c       0x3c CMakeFiles/DisplayC.dir/C_/Users/Michelangelo/.pico-sdk/sdk/2.1.0/src/rp2_common/pico_stdio/stdio.c.obj
                0x10001f5c                stdio_puts
                0x10001f5c                __wrap_puts
 .text.startup._retrieve_unique_id_on_boot
                0x10001f98       0x10 CMakeFiles/DisplayC.dir/C_/Users/Michelangelo/.pico-sdk/sdk/2.1.0/src/rp2_common/pico_unique_id/unique_id.c.obj
 .text.flash_get_unique_id
                0x10001fa8       0x3c CMakeFiles/DisplayC.dir/C_/Users/Michelangelo/.pico-sdk/sdk/2.1.0/src/rp2_common/hardware_flash/flash.c.obj
                0x10001fa8                flash_get_unique_id
 .text.i2c_write_blocking_internal.constprop.0
                0x10001fe4       0xd0 CMakeFiles/DisplayC.dir/C_/Users/Michelangelo/.pico-sdk/sdk/2.1.0/src/rp2_common/hardware_i2c/i2c.c.obj
 .text.i2c_set_baudrate
                0x100020b4       0xc0 CMakeFiles/DisplayC.dir/C_/Users/Michelangelo/.pico-sdk/sdk/2.1.0/src/rp2_common/hardware_i2c/i2c.c.obj
                0x100020b4                i2c_set_baudrate
 .text.i2c_init
                0x10002174       0x50 CMakeFiles/DisplayC.dir/C_/Users/Michelangelo/.pico-sdk/sdk/2.1.0/src/rp2_common/hardware_i2c/i2c.c.obj
                0x10002174                i2c_init
 .text.i2c_write_blocking
                0x100021c4       0x14 CMakeFiles/DisplayC.dir/C_/Users/Michelangelo/.pico-sdk/sdk/2.1.0/src/rp2_common/hardware_i2c/i2c.c.obj
                0x100021c4                i2c_write_blocking
 .text.calloc   0x100021d8       0x18 C:/Users/Michelangelo/.pico-sdk/toolchain/13_3_Rel1/bin/../lib/gcc/arm-none-eabi/13.3.1/thumb/v6-m/nofp\libg.a(libc_a-calloc.o)
                0x100021d8                calloc
 .text._calloc_r
                0x100021f0       0xa8 C:/Users/Michelangelo/.pico-sdk/toolchain/13_3_Rel1/bin/../lib/gcc/arm-none-eabi/13.3.1/thumb/v6-m/nofp\libg.a(libc_a-callocr.o)
                0x100021f0                _calloc_r
 .text._malloc_r
                0x10002298      0x5c4 C:/Users/Michelangelo/.pico-sdk/toolchain/13_3_Rel1/bin/../lib/gcc/arm-none-eabi/13.3.1/thumb/v6-m/nofp\libg.a(libc_a-mallocr.o)
                0x10002298                _malloc_r
 .text.__malloc_lock
                0x1000285c       0x10 C:/Users/Michelangelo/.pico-sdk/toolchain/13_3_Rel1/bin/../lib/gcc/arm-none-eabi/13.3.1/thumb/v6-m/nofp\libg.a(libc_a-mlock.o)
                0x1000285c                __malloc_lock
 .text.__malloc_unlock
                0x1000286c       0x10 C:/Users/Michelangelo/.pico-sdk/toolchain/13_3_Rel1/bin/../lib/gcc/arm-none-eabi/13.3.1/thumb/v6-m/nofp\libg.a(libc_a-mlock.o)
                0x1000286c                __malloc_unlock
 .text._sbrk_r  0x1000287c       0x24 C:/Users/Michelangelo/.pico-sdk/toolchain/13_3_Rel1/bin/../lib/gcc/arm-none-eabi/13.3.1/thumb/v6-m/nofp\libg.a(libc_a-sbrkr.o)
                0x1000287c                _sbrk_r
 .text.__errno  0x100028a0        0xc C:/Users/Michelangelo/.pico-sdk/toolchain/13_3_Rel1/bin/../lib/gcc/arm-none-eabi/13.3.1/thumb/v6-m/nofp\libg.a(libc_a-errno.o)
                0x100028a0                __errno
 .text.__retarget_lock_acquire_recursive
                0x100028ac        0x4 C:/Users/Michelangelo/.pico-sdk/toolchain/13_3_Rel1/bin/../lib/gcc/arm-none-eabi/13.3.1/thumb/v6-m/nofp\libg.a(libc_a-lock.o)
                0x100028ac                __retarget_lock_acquire_recursive
 .text.__retarget_lock_release_recursive
                0x100028b0        0x4 C:/Users/Michelangelo/.pico-sdk/toolchain/13_3_Rel1/bin/../lib/gcc/arm-none-eabi/13.3.1/thumb/v6-m/nofp\libg.a(libc_a-lock.o)
                0x100028b0                __retarget_lock_release_recursive
 .text.sysconf  0x100028b4       0x1c C:/Users/Michelangelo/.pico-sdk/toolchain/13_3_Rel1/bin/../lib/gcc/arm-none-eabi/13.3.1/thumb/v6-m/nofp\libg.a(libc_a-sysconf.o)
                0x100028b4                sysconf
 .text.strlen   0x100028d0       0x5c C:/Users/Michelangelo/.pico-sdk/toolchain/13_3_Rel1/bin/../lib/gcc/arm-none-eabi/13.3.1/thumb/v6-m/nofp\libg.a(libc_a-strlen-stub.o)
                0x100028d0                strlen
 .text._malloc_trim_r
                0x1000292c       0xb4 C:/Users/Michelangelo/.pico-sdk/toolchain/13_3_Rel1/bin/../lib/gcc/arm-none-eabi/13.3.1/thumb/v6-m/nofp\libg.a(libc_a-freer.o)
                0x1000292c                _malloc_trim_r
 .text._free_r  0x100029e0      0x1d4 C:/Users/Michelangelo/.pico-sdk/toolchain/13_3_Rel1/bin/../lib/gcc/arm-none-eabi/13.3.1/thumb/v6-m/nofp\libg.a(libc_a-freer.o)
                0x100029e0                _free_r
 *(.fini)
 .fini          0x10002bb4        0x4 C:/Users/Michelangelo/.pico-sdk/toolchain/13_3_Rel1/bin/../lib/gcc/arm-none-eabi/13.3.1/thumb/v6-m/nofp/crti.o
                0x10002bb4                _fini
 .fini.__stub   0x10002bb8       0x40 linker stubs
 *crtbegin.o(.ctors)
 *crtbegin?.o(.ctors)
 *(EXCLUDE_FILE(*crtend.o *crtend?.o) .ctors)
 *(SORT_BY_NAME(.ctors.*))
 *(.ctors)
 *crtbegin.o(.dtors)
 *crtbegin?.o(.dtors)
 *(EXCLUDE_FILE(*crtend.o *crtend?.o) .dtors)
 *(SORT_BY_NAME(.dtors.*))
 *(.dtors)
                0x10002bf8                        . = ALIGN (0x4)
                0x10002bf8                        PROVIDE (__preinit_array_start = .)
 *(SORT_BY_NAME(.preinit_array.*))
 .preinit_array.00100
                0x10002bf8        0x4 CMakeFiles/DisplayC.dir/C_/Users/Michelangelo/.pico-sdk/sdk/2.1.0/src/rp2_common/pico_runtime_init/runtime_init.c.obj
                0x10002bf8                __pre_init_runtime_init_early_resets
 .preinit_array.00101
                0x10002bfc        0x4 CMakeFiles/DisplayC.dir/C_/Users/Michelangelo/.pico-sdk/sdk/2.1.0/src/rp2_common/pico_runtime_init/runtime_init.c.obj
                0x10002bfc                __pre_init_runtime_init_usb_power_down
 .preinit_array.00275
                0x10002c00        0x4 CMakeFiles/DisplayC.dir/C_/Users/Michelangelo/.pico-sdk/sdk/2.1.0/src/rp2_common/pico_bit_ops/bit_ops_aeabi.S.obj
 .preinit_array.00300
                0x10002c04        0x4 CMakeFiles/DisplayC.dir/C_/Users/Michelangelo/.pico-sdk/sdk/2.1.0/src/rp2_common/pico_mem_ops/mem_ops_aeabi.S.obj
 .preinit_array.00350
                0x10002c08        0x4 CMakeFiles/DisplayC.dir/C_/Users/Michelangelo/.pico-sdk/sdk/2.1.0/src/rp2_common/pico_double/double_aeabi_rp2040.S.obj
 .preinit_array.00350
                0x10002c0c        0x4 CMakeFiles/DisplayC.dir/C_/Users/Michelangelo/.pico-sdk/sdk/2.1.0/src/rp2_common/pico_float/float_aeabi_rp2040.S.obj
 .preinit_array.00500
                0x10002c10        0x4 CMakeFiles/DisplayC.dir/C_/Users/Michelangelo/.pico-sdk/sdk/2.1.0/src/rp2_common/pico_runtime_init/runtime_init.c.obj
                0x10002c10                __pre_init_runtime_init_clocks
 .preinit_array.00600
                0x10002c14        0x4 CMakeFiles/DisplayC.dir/C_/Users/Michelangelo/.pico-sdk/sdk/2.1.0/src/rp2_common/pico_runtime_init/runtime_init.c.obj
                0x10002c14                __pre_init_runtime_init_post_clock_resets
 .preinit_array.00700
                0x10002c18        0x4 CMakeFiles/DisplayC.dir/C_/Users/Michelangelo/.pico-sdk/sdk/2.1.0/src/rp2_common/pico_runtime_init/runtime_init.c.obj
                0x10002c18                __pre_init_runtime_init_rp2040_gpio_ie_disable
 .preinit_array.01000
                0x10002c1c        0x4 CMakeFiles/DisplayC.dir/C_/Users/Michelangelo/.pico-sdk/sdk/2.1.0/src/rp2_common/pico_runtime_init/runtime_init.c.obj
                0x10002c1c                __pre_init_runtime_init_spin_locks_reset
 .preinit_array.01100
                0x10002c20        0x4 CMakeFiles/DisplayC.dir/C_/Users/Michelangelo/.pico-sdk/sdk/2.1.0/src/common/pico_sync/mutex.c.obj
                0x10002c20                __pre_init_runtime_init_mutex
 .preinit_array.10080
                0x10002c24        0x4 CMakeFiles/DisplayC.dir/C_/Users/Michelangelo/.pico-sdk/sdk/2.1.0/src/rp2_common/pico_runtime_init/runtime_init.c.obj
                0x10002c24                __pre_init_runtime_init_install_ram_vector_table
 .preinit_array.11000
                0x10002c28        0x4 CMakeFiles/DisplayC.dir/C_/Users/Michelangelo/.pico-sdk/sdk/2.1.0/src/common/pico_time/time.c.obj
                0x10002c28                __pre_init_runtime_init_default_alarm_pool
 .preinit_array.YYYYY
                0x10002c2c        0x4 CMakeFiles/DisplayC.dir/C_/Users/Michelangelo/.pico-sdk/sdk/2.1.0/src/rp2_common/pico_runtime/runtime.c.obj
                0x10002c2c                __pre_init_first_per_core_initializer
 .preinit_array.ZZZZZ.01200
                0x10002c30        0x4 CMakeFiles/DisplayC.dir/C_/Users/Michelangelo/.pico-sdk/sdk/2.1.0/src/rp2_common/hardware_irq/irq.c.obj
                0x10002c30                __pre_init_runtime_init_per_core_irq_priorities
 *(.preinit_array)
                0x10002c34                        PROVIDE (__preinit_array_end = .)
                0x10002c34                        . = ALIGN (0x4)
                0x10002c34                        PROVIDE (__init_array_start = .)
 *(SORT_BY_NAME(.init_array.*))
 *(.init_array)
 .init_array    0x10002c34        0x4 C:/Users/Michelangelo/.pico-sdk/toolchain/13_3_Rel1/bin/../lib/gcc/arm-none-eabi/13.3.1/thumb/v6-m/nofp/crtbegin.o
 .init_array    0x10002c38        0x4 CMakeFiles/DisplayC.dir/C_/Users/Michelangelo/.pico-sdk/sdk/2.1.0/src/rp2_common/pico_unique_id/unique_id.c.obj
                0x10002c3c                        PROVIDE (__init_array_end = .)
                0x10002c3c                        . = ALIGN (0x4)
                [!provide]                        PROVIDE (__fini_array_start = .)
 *(SORT_BY_NAME(.fini_array.*))
 *(.fini_array)
                [!provide]                        PROVIDE (__fini_array_end = .)
 *(.eh_frame*)
 .eh_frame      0x10002c3c        0x0 C:/Users/Michelangelo/.pico-sdk/toolchain/13_3_Rel1/bin/../lib/gcc/arm-none-eabi/13.3.1/thumb/v6-m/nofp/crtbegin.o
                0x10002c3c                        . = ALIGN (0x4)

.glue_7         0x10002c3c        0x0
 .glue_7        0x10002c3c        0x0 linker stubs

.glue_7t        0x10002c3c        0x0
 .glue_7t       0x10002c3c        0x0 linker stubs

.vfp11_veneer   0x10002c3c        0x0
 .vfp11_veneer  0x10002c3c        0x0 linker stubs

.v4_bx          0x10002c3c        0x0
 .v4_bx         0x10002c3c        0x0 linker stubs

.iplt           0x10002c3c        0x0
 .iplt          0x10002c3c        0x0 C:/Users/Michelangelo/.pico-sdk/toolchain/13_3_Rel1/bin/../lib/gcc/arm-none-eabi/13.3.1/thumb/v6-m/nofp/crtbegin.o

.rodata         0x10002c3c      0x250
 *(EXCLUDE_FILE(*libm.a: *libc.a:*lib_a-mem*.o *libgcc.a:) .rodata*)
 .rodata.main.str1.4
                0x10002c3c       0xc4 CMakeFiles/DisplayC.dir/DisplayC.c.obj
                                 0x28 (size before relaxing)
 .rodata.font   0x10002d00      0x128 CMakeFiles/DisplayC.dir/inc/ssd1306.c.obj
 .rodata.panic.str1.4
                0x10002e28       0x12 CMakeFiles/DisplayC.dir/C_/Users/Michelangelo/.pico-sdk/sdk/2.1.0/src/rp2_common/pico_platform_panic/panic.c.obj
 .rodata.timer_hardware_alarm_claim.str1.4
                0x10002e28       0x22 CMakeFiles/DisplayC.dir/C_/Users/Michelangelo/.pico-sdk/sdk/2.1.0/src/rp2_common/hardware_timer/timer.c.obj
 .rodata.hard_assertion_failure.str1.4
                0x10002e28        0xc CMakeFiles/DisplayC.dir/C_/Users/Michelangelo/.pico-sdk/sdk/2.1.0/src/rp2_common/pico_runtime/runtime.c.obj
 .rodata.__wrap_malloc.str1.4
                0x10002e28        0xe CMakeFiles/DisplayC.dir/C_/Users/Michelangelo/.pico-sdk/sdk/2.1.0/src/rp2_common/pico_malloc/malloc.c.obj
 .rodata.str1.4
                0x10002e28       0x44 CMakeFiles/DisplayC.dir/C_/Users/Michelangelo/.pico-sdk/sdk/2.1.0/src/rp2_common/pico_standard_binary_info/standard_binary_info.c.obj
 .rodata.__bi_84
                0x10002e28        0xc CMakeFiles/DisplayC.dir/C_/Users/Michelangelo/.pico-sdk/sdk/2.1.0/src/rp2_common/pico_standard_binary_info/standard_binary_info.c.obj
 .rodata.__bi_78
                0x10002e34        0xc CMakeFiles/DisplayC.dir/C_/Users/Michelangelo/.pico-sdk/sdk/2.1.0/src/rp2_common/pico_standard_binary_info/standard_binary_info.c.obj
 .rodata.__bi_60
                0x10002e40        0xc CMakeFiles/DisplayC.dir/C_/Users/Michelangelo/.pico-sdk/sdk/2.1.0/src/rp2_common/pico_standard_binary_info/standard_binary_info.c.obj
 .rodata.__bi_54
                0x10002e4c        0xc CMakeFiles/DisplayC.dir/C_/Users/Michelangelo/.pico-sdk/sdk/2.1.0/src/rp2_common/pico_standard_binary_info/standard_binary_info.c.obj
 .rodata.__bi_48
                0x10002e58        0xc CMakeFiles/DisplayC.dir/C_/Users/Michelangelo/.pico-sdk/sdk/2.1.0/src/rp2_common/pico_standard_binary_info/standard_binary_info.c.obj
 .rodata.__bi_42
                0x10002e64        0xc CMakeFiles/DisplayC.dir/C_/Users/Michelangelo/.pico-sdk/sdk/2.1.0/src/rp2_common/pico_standard_binary_info/standard_binary_info.c.obj
 .rodata.__bi_34
                0x10002e70        0xc CMakeFiles/DisplayC.dir/C_/Users/Michelangelo/.pico-sdk/sdk/2.1.0/src/rp2_common/pico_standard_binary_info/standard_binary_info.c.obj
 .rodata.__bi_26
                0x10002e7c        0xc CMakeFiles/DisplayC.dir/C_/Users/Michelangelo/.pico-sdk/sdk/2.1.0/src/rp2_common/pico_standard_binary_info/standard_binary_info.c.obj
 .rodata.crlf_str.0
                0x10002e88        0x2 CMakeFiles/DisplayC.dir/C_/Users/Michelangelo/.pico-sdk/sdk/2.1.0/src/rp2_common/pico_stdio/stdio.c.obj
                0x10002e8c                        . = ALIGN (0x4)
 *fill*         0x10002e8a        0x2 
 *(SORT_BY_ALIGNMENT(SORT_BY_NAME(.flashdata*)))
                0x10002e8c                        . = ALIGN (0x4)

.ARM.extab
 *(.ARM.extab* .gnu.linkonce.armextab.*)
                0x10002e8c                        __exidx_start = .

.ARM.exidx
 *(.ARM.exidx* .gnu.linkonce.armexidx.*)
                0x10002e8c                        __exidx_end = .
                0x10002e8c                        . = ALIGN (0x4)
                0x10002e8c                        __binary_info_start = .

.binary_info    0x10002e8c       0x20
 *(.binary_info.keep.*)
 .binary_info.keep.__bi_ptr84
                0x10002e8c        0x4 CMakeFiles/DisplayC.dir/C_/Users/Michelangelo/.pico-sdk/sdk/2.1.0/src/rp2_common/pico_standard_binary_info/standard_binary_info.c.obj
 .binary_info.keep.__bi_ptr78
                0x10002e90        0x4 CMakeFiles/DisplayC.dir/C_/Users/Michelangelo/.pico-sdk/sdk/2.1.0/src/rp2_common/pico_standard_binary_info/standard_binary_info.c.obj
 .binary_info.keep.__bi_ptr60
                0x10002e94        0x4 CMakeFiles/DisplayC.dir/C_/Users/Michelangelo/.pico-sdk/sdk/2.1.0/src/rp2_common/pico_standard_binary_info/standard_binary_info.c.obj
 .binary_info.keep.__bi_ptr54
                0x10002e98        0x4 CMakeFiles/DisplayC.dir/C_/Users/Michelangelo/.pico-sdk/sdk/2.1.0/src/rp2_common/pico_standard_binary_info/standard_binary_info.c.obj
 .binary_info.keep.__bi_ptr48
                0x10002e9c        0x4 CMakeFiles/DisplayC.dir/C_/Users/Michelangelo/.pico-sdk/sdk/2.1.0/src/rp2_common/pico_standard_binary_info/standard_binary_info.c.obj
 .binary_info.keep.__bi_ptr42
                0x10002ea0        0x4 CMakeFiles/DisplayC.dir/C_/Users/Michelangelo/.pico-sdk/sdk/2.1.0/src/rp2_common/pico_standard_binary_info/standard_binary_info.c.obj
 .binary_info.keep.__bi_ptr34
                0x10002ea4        0x4 CMakeFiles/DisplayC.dir/C_/Users/Michelangelo/.pico-sdk/sdk/2.1.0/src/rp2_common/pico_standard_binary_info/standard_binary_info.c.obj
 .binary_info.keep.__bi_ptr26
                0x10002ea8        0x4 CMakeFiles/DisplayC.dir/C_/Users/Michelangelo/.pico-sdk/sdk/2.1.0/src/rp2_common/pico_standard_binary_info/standard_binary_info.c.obj
 *(.binary_info.*)
                0x10002eac                        __binary_info_end = .

.rel.dyn        0x10002eac        0x0
 .rel.iplt      0x10002eac        0x0 C:/Users/Michelangelo/.pico-sdk/toolchain/13_3_Rel1/bin/../lib/gcc/arm-none-eabi/13.3.1/thumb/v6-m/nofp/crtbegin.o
                0x10002eac                        . = ALIGN (0x4)

.ram_vector_table
                0x20000000       0xc0
 *(.ram_vector_table)
 .ram_vector_table
                0x20000000       0xc0 CMakeFiles/DisplayC.dir/C_/Users/Michelangelo/.pico-sdk/sdk/2.1.0/src/rp2_common/pico_runtime_init/runtime_init.c.obj
                0x20000000                ram_vector_table

.uninitialized_data
                0x200000c0        0x0
                0x200000c0                        . = ALIGN (0x4)
 *(.uninitialized_data*)

.data           0x200000c0      0x7c0 load address 0x10002eac
                0x200000c0                        __data_start__ = .
 *(vtable)
 *(.time_critical*)
 .time_critical.mutex_try_enter_block_until
                0x200000c0       0x9c CMakeFiles/DisplayC.dir/C_/Users/Michelangelo/.pico-sdk/sdk/2.1.0/src/common/pico_sync/mutex.c.obj
                0x200000c0                mutex_try_enter_block_until
 .time_critical.mutex_exit
                0x2000015c       0x28 CMakeFiles/DisplayC.dir/C_/Users/Michelangelo/.pico-sdk/sdk/2.1.0/src/common/pico_sync/mutex.c.obj
                0x2000015c                mutex_exit
 .time_critical.flash_init_boot2_copyout
                0x20000184       0x30 CMakeFiles/DisplayC.dir/C_/Users/Michelangelo/.pico-sdk/sdk/2.1.0/src/rp2_common/hardware_flash/flash.c.obj
 .time_critical.flash_enable_xip_via_boot2
                0x200001b4        0xc CMakeFiles/DisplayC.dir/C_/Users/Michelangelo/.pico-sdk/sdk/2.1.0/src/rp2_common/hardware_flash/flash.c.obj
 .time_critical.flash_cs_force
                0x200001c0       0x38 CMakeFiles/DisplayC.dir/C_/Users/Michelangelo/.pico-sdk/sdk/2.1.0/src/rp2_common/hardware_flash/flash.c.obj
 .time_critical.flash_do_cmd
                0x200001f8       0xc0 CMakeFiles/DisplayC.dir/C_/Users/Michelangelo/.pico-sdk/sdk/2.1.0/src/rp2_common/hardware_flash/flash.c.obj
                0x200001f8                flash_do_cmd
 *(.text*)
 .text          0x200002b8        0x4 C:/Users/Michelangelo/.pico-sdk/toolchain/13_3_Rel1/bin/../lib/gcc/arm-none-eabi/13.3.1/thumb/v6-m/nofp\libgcc.a(_dvmd_tls.o)
                0x200002b8                __aeabi_idiv0
                0x200002b8                __aeabi_ldiv0
 *fill*         0x200002bc        0x4 
 .text.__stub   0x200002c0       0x10 linker stubs
                0x200002d0                        . = ALIGN (0x4)
 *(.rodata*)
                0x200002d0                        . = ALIGN (0x4)
 *(.data*)
 .data.striped_spin_lock_num
                0x200002d0        0x1 CMakeFiles/DisplayC.dir/C_/Users/Michelangelo/.pico-sdk/sdk/2.1.0/src/rp2_common/hardware_sync/sync.c.obj
 *fill*         0x200002d1        0x3 
 .data.default_alarm_pool
                0x200002d4       0x18 CMakeFiles/DisplayC.dir/C_/Users/Michelangelo/.pico-sdk/sdk/2.1.0/src/common/pico_time/time.c.obj
 *fill*         0x200002ec        0x4 
 .data.aeabi_bits_funcs
                0x200002f0       0x10 CMakeFiles/DisplayC.dir/C_/Users/Michelangelo/.pico-sdk/sdk/2.1.0/src/rp2_common/pico_bit_ops/bit_ops_aeabi.S.obj
                0x200002f0                aeabi_bits_funcs
                0x20000300                aeabi_bits_funcs_end
 .data.aeabi_mem_funcs
                0x20000300       0x10 CMakeFiles/DisplayC.dir/C_/Users/Michelangelo/.pico-sdk/sdk/2.1.0/src/rp2_common/pico_mem_ops/mem_ops_aeabi.S.obj
                0x20000300                aeabi_mem_funcs
                0x20000310                aeabi_mem_funcs_end
 .data.i2c1_inst
                0x20000310        0x8 CMakeFiles/DisplayC.dir/C_/Users/Michelangelo/.pico-sdk/sdk/2.1.0/src/rp2_common/hardware_i2c/i2c.c.obj
                0x20000310                i2c1_inst
 .data.i2c0_inst
                0x20000318        0x8 CMakeFiles/DisplayC.dir/C_/Users/Michelangelo/.pico-sdk/sdk/2.1.0/src/rp2_common/hardware_i2c/i2c.c.obj
                0x20000318                i2c0_inst
 .data.__malloc_sbrk_base
                0x20000320        0x4 C:/Users/Michelangelo/.pico-sdk/toolchain/13_3_Rel1/bin/../lib/gcc/arm-none-eabi/13.3.1/thumb/v6-m/nofp\libg.a(libc_a-mallocr.o)
                0x20000320                __malloc_sbrk_base
 .data.__malloc_trim_threshold
                0x20000324        0x4 C:/Users/Michelangelo/.pico-sdk/toolchain/13_3_Rel1/bin/../lib/gcc/arm-none-eabi/13.3.1/thumb/v6-m/nofp\libg.a(libc_a-mallocr.o)
                0x20000324                __malloc_trim_threshold
 .data.__malloc_av_
                0x20000328      0x408 C:/Users/Michelangelo/.pico-sdk/toolchain/13_3_Rel1/bin/../lib/gcc/arm-none-eabi/13.3.1/thumb/v6-m/nofp\libg.a(libc_a-mallocr.o)
                0x20000328                __malloc_av_
 .data._impure_ptr
                0x20000730        0x4 C:/Users/Michelangelo/.pico-sdk/toolchain/13_3_Rel1/bin/../lib/gcc/arm-none-eabi/13.3.1/thumb/v6-m/nofp\libg.a(libc_a-impure.o)
                0x20000730                _impure_ptr
 *fill*         0x20000734        0x4 
 .data._impure_data
                0x20000738      0x140 C:/Users/Michelangelo/.pico-sdk/toolchain/13_3_Rel1/bin/../lib/gcc/arm-none-eabi/13.3.1/thumb/v6-m/nofp\libg.a(libc_a-impure.o)
                0x20000738                _impure_data
                0x20000878                        . = ALIGN (0x4)
 *(.after_data.*)
                0x20000878                        . = ALIGN (0x4)
                0x20000878                        PROVIDE (__mutex_array_start = .)
 *(SORT_BY_NAME(.mutex_array.*))
 *(.mutex_array)
 .mutex_array   0x20000878        0x8 CMakeFiles/DisplayC.dir/C_/Users/Michelangelo/.pico-sdk/sdk/2.1.0/src/rp2_common/pico_stdio/stdio.c.obj
                0x20000880                        PROVIDE (__mutex_array_end = .)
                0x20000880                        . = ALIGN (0x4)
 *(.jcr)
                0x20000880                        . = ALIGN (0x4)

.tm_clone_table
                0x20000880        0x0 load address 0x1000366c
 .tm_clone_table
                0x20000880        0x0 C:/Users/Michelangelo/.pico-sdk/toolchain/13_3_Rel1/bin/../lib/gcc/arm-none-eabi/13.3.1/thumb/v6-m/nofp/crtbegin.o
 .tm_clone_table
                0x20000880        0x0 C:/Users/Michelangelo/.pico-sdk/toolchain/13_3_Rel1/bin/../lib/gcc/arm-none-eabi/13.3.1/thumb/v6-m/nofp/crtend.o

.igot.plt       0x20000880        0x0 load address 0x1000366c
 .igot.plt      0x20000880        0x0 C:/Users/Michelangelo/.pico-sdk/toolchain/13_3_Rel1/bin/../lib/gcc/arm-none-eabi/13.3.1/thumb/v6-m/nofp/crtbegin.o

.tdata          0x20000880        0x0 load address 0x1000366c
                0x20000880                        . = ALIGN (0x4)
 *(.tdata .tdata.* .gnu.linkonce.td.*)
                0x20000880                        __tdata_end = .
                0x20000880                        PROVIDE (__data_end__ = .)
                0x10002eac                        __etext = LOADADDR (.data)

.tbss           0x20000880        0x0 load address 0x1000366c
                0x20000880                        . = ALIGN (0x4)
                0x20000880                        __bss_start__ = .
                0x20000880                        __tls_base = .
 *(.tbss .tbss.* .gnu.linkonce.tb.*)
 *(.tcommon)
                0x20000880                        __tls_end = .

.bss            0x20000880      0x66c load address 0x1000366c
                0x20000880                        . = ALIGN (0x4)
                0x20000880                        __tbss_end = .
 *(SORT_BY_ALIGNMENT(SORT_BY_NAME(.bss*)))
 .bss.default_alarm_pool_entries
                0x20000880      0x180 CMakeFiles/DisplayC.dir/C_/Users/Michelangelo/.pico-sdk/sdk/2.1.0/src/common/pico_time/time.c.obj
 .bss.sd_table  0x20000a00      0x100 CMakeFiles/DisplayC.dir/C_/Users/Michelangelo/.pico-sdk/sdk/2.1.0/src/rp2_common/pico_double/double_init_rom_rp2040.c.obj
                0x20000a00                sd_table
 .bss.sf_table  0x20000b00      0x100 CMakeFiles/DisplayC.dir/C_/Users/Michelangelo/.pico-sdk/sdk/2.1.0/src/rp2_common/pico_float/float_init_rom_rp2040.c.obj
                0x20000b00                sf_table
 .bss.__lock___malloc_recursive_mutex
                0x20000c00        0x1 C:/Users/Michelangelo/.pico-sdk/toolchain/13_3_Rel1/bin/../lib/gcc/arm-none-eabi/13.3.1/thumb/v6-m/nofp\libg.a(libc_a-lock.o)
                0x20000c00                __lock___malloc_recursive_mutex
 *fill*         0x20000c01        0x3 
 .bss.__malloc_current_mallinfo
                0x20000c04       0x28 C:/Users/Michelangelo/.pico-sdk/toolchain/13_3_Rel1/bin/../lib/gcc/arm-none-eabi/13.3.1/thumb/v6-m/nofp\libg.a(libc_a-mallocr.o)
                0x20000c04                __malloc_current_mallinfo
 .bss.__malloc_max_sbrked_mem
                0x20000c2c        0x4 C:/Users/Michelangelo/.pico-sdk/toolchain/13_3_Rel1/bin/../lib/gcc/arm-none-eabi/13.3.1/thumb/v6-m/nofp\libg.a(libc_a-mallocr.o)
                0x20000c2c                __malloc_max_sbrked_mem
 .bss.__malloc_max_total_mem
                0x20000c30        0x4 C:/Users/Michelangelo/.pico-sdk/toolchain/13_3_Rel1/bin/../lib/gcc/arm-none-eabi/13.3.1/thumb/v6-m/nofp\libg.a(libc_a-mallocr.o)
                0x20000c30                __malloc_max_total_mem
 .bss.__malloc_top_pad
                0x20000c34        0x4 C:/Users/Michelangelo/.pico-sdk/toolchain/13_3_Rel1/bin/../lib/gcc/arm-none-eabi/13.3.1/thumb/v6-m/nofp\libg.a(libc_a-mallocr.o)
                0x20000c34                __malloc_top_pad
 .bss.__sf      0x20000c38      0x138 C:/Users/Michelangelo/.pico-sdk/toolchain/13_3_Rel1/bin/../lib/gcc/arm-none-eabi/13.3.1/thumb/v6-m/nofp\libg.a(libc_a-findfp.o)
                0x20000c38                __sf
 .bss.boot2_copyout
                0x20000d70      0x100 CMakeFiles/DisplayC.dir/C_/Users/Michelangelo/.pico-sdk/sdk/2.1.0/src/rp2_common/hardware_flash/flash.c.obj
 .bss.claimed   0x20000e70        0x1 CMakeFiles/DisplayC.dir/C_/Users/Michelangelo/.pico-sdk/sdk/2.1.0/src/rp2_common/hardware_timer/timer.c.obj
 *fill*         0x20000e71        0x3 
 .bss.configured_freq
                0x20000e74       0x28 CMakeFiles/DisplayC.dir/C_/Users/Michelangelo/.pico-sdk/sdk/2.1.0/src/rp2_common/hardware_clocks/clocks.c.obj
 .bss.drivers   0x20000e9c        0x4 CMakeFiles/DisplayC.dir/C_/Users/Michelangelo/.pico-sdk/sdk/2.1.0/src/rp2_common/pico_stdio/stdio.c.obj
 .bss.errno     0x20000ea0        0x4 C:/Users/Michelangelo/.pico-sdk/toolchain/13_3_Rel1/bin/../lib/gcc/arm-none-eabi/13.3.1/thumb/v6-m/nofp\libg.a(libc_a-reent.o)
                0x20000ea0                errno
 .bss.filter    0x20000ea4        0x4 CMakeFiles/DisplayC.dir/C_/Users/Michelangelo/.pico-sdk/sdk/2.1.0/src/rp2_common/pico_stdio/stdio.c.obj
 .bss.heap_end.0
                0x20000ea8        0x4 CMakeFiles/DisplayC.dir/C_/Users/Michelangelo/.pico-sdk/sdk/2.1.0/src/rp2_common/pico_clib_interface/newlib_interface.c.obj
 .bss.lazy_vsnprintf
                0x20000eac        0x4 CMakeFiles/DisplayC.dir/C_/Users/Michelangelo/.pico-sdk/sdk/2.1.0/src/rp2_common/pico_printf/printf.c.obj
 .bss.object.0  0x20000eb0       0x18 C:/Users/Michelangelo/.pico-sdk/toolchain/13_3_Rel1/bin/../lib/gcc/arm-none-eabi/13.3.1/thumb/v6-m/nofp/crtbegin.o
 .bss.pools     0x20000ec8       0x10 CMakeFiles/DisplayC.dir/C_/Users/Michelangelo/.pico-sdk/sdk/2.1.0/src/common/pico_time/time.c.obj
 .bss.retrieved_id
                0x20000ed8        0x8 CMakeFiles/DisplayC.dir/C_/Users/Michelangelo/.pico-sdk/sdk/2.1.0/src/rp2_common/pico_unique_id/unique_id.c.obj
 .bss.sf_clz_func
                0x20000ee0        0x4 CMakeFiles/DisplayC.dir/C_/Users/Michelangelo/.pico-sdk/sdk/2.1.0/src/rp2_common/pico_double/double_init_rom_rp2040.c.obj
                0x20000ee0                sf_clz_func
 .bss.sleep_notifier
                0x20000ee4        0x4 CMakeFiles/DisplayC.dir/C_/Users/Michelangelo/.pico-sdk/sdk/2.1.0/src/common/pico_time/time.c.obj
 .bss.boot2_copyout_valid
                0x20000ee8        0x1 CMakeFiles/DisplayC.dir/C_/Users/Michelangelo/.pico-sdk/sdk/2.1.0/src/rp2_common/hardware_flash/flash.c.obj
 *(COMMON)
                0x20000eec                        . = ALIGN (0x4)
 *fill*         0x20000ee9        0x3 
                0x20000eec                        __bss_end__ = .

.heap           0x20000eec      0x800 load address 0x1000366c
                0x20000eec                        __end__ = .
                0x20000eec                        end = __end__
 *(.heap*)
 .heap          0x20000eec      0x800 CMakeFiles/DisplayC.dir/C_/Users/Michelangelo/.pico-sdk/sdk/2.1.0/src/rp2_common/pico_crt0/crt0.S.obj
                0x20040000                        __HeapLimit = (ORIGIN (RAM) + LENGTH (RAM))

.scratch_x      0x20040000        0x0 load address 0x1000366c
                0x20040000                        __scratch_x_start__ = .
 *(.scratch_x.*)
                0x20040000                        . = ALIGN (0x4)
                0x20040000                        __scratch_x_end__ = .
                0x1000366c                        __scratch_x_source__ = LOADADDR (.scratch_x)

.scratch_y      0x20041000        0x0 load address 0x1000366c
                0x20041000                        __scratch_y_start__ = .
 *(.scratch_y.*)
                0x20041000                        . = ALIGN (0x4)
                0x20041000                        __scratch_y_end__ = .
                0x1000366c                        __scratch_y_source__ = LOADADDR (.scratch_y)

.stack1_dummy
 *(.stack1*)

.stack_dummy    0x20041000      0x800
 *(.stack*)
 .stack         0x20041000      0x800 CMakeFiles/DisplayC.dir/C_/Users/Michelangelo/.pico-sdk/sdk/2.1.0/src/rp2_common/pico_crt0/crt0.S.obj

.flash_end      0x1000366c        0x0
 *(.embedded_end_block*)
                0x1000366c                        PROVIDE (__flash_binary_end = .)
                0x20040000                        __StackLimit = (ORIGIN (RAM) + LENGTH (RAM))
                0x20041000                        __StackOneTop = (ORIGIN (SCRATCH_X) + LENGTH (SCRATCH_X))
                0x20042000                        __StackTop = (ORIGIN (SCRATCH_Y) + LENGTH (SCRATCH_Y))
                0x20041000                        __StackOneBottom = (__StackOneTop - SIZEOF (.stack1_dummy))
                0x20041800                        __StackBottom = (__StackTop - SIZEOF (.stack_dummy))
                0x20042000                        PROVIDE (__stack = __StackTop)
                [!provide]                        PROVIDE (__heap_start = __end__)
                [!provide]                        PROVIDE (__heap_end = __HeapLimit)
                [!provide]                        PROVIDE (__tls_align = MAX (ALIGNOF (.tdata), ALIGNOF (.tbss)))
                [!provide]                        PROVIDE (__tls_size_align = (((__tls_size + __tls_align) - 0x1) & ~ ((__tls_align - 0x1))))
                [!provide]                        PROVIDE (__arm32_tls_tcb_offset = MAX (0x8, __tls_align))
                [!provide]                        PROVIDE (_end = __end__)
                [!provide]                        PROVIDE (__llvm_libc_heap_limit = __HeapLimit)
                0x00000001                        ASSERT ((__StackLimit >= __HeapLimit), region RAM overflowed)
                0x00000001                        ASSERT (((__binary_info_header_end - __logical_binary_start) <= 0x100), Binary info must be in first 256 bytes of the binary)
LOAD CMakeFiles/DisplayC.dir/DisplayC.c.obj
LOAD CMakeFiles/DisplayC.dir/inc/ssd1306.c.obj
LOAD CMakeFiles/DisplayC.dir/C_/Users/Michelangelo/.pico-sdk/sdk/2.1.0/src/rp2_common/pico_stdlib/stdlib.c.obj
LOAD CMakeFiles/DisplayC.dir/C_/Users/Michelangelo/.pico-sdk/sdk/2.1.0/src/rp2_common/hardware_gpio/gpio.c.obj
LOAD CMakeFiles/DisplayC.dir/C_/Users/Michelangelo/.pico-sdk/sdk/2.1.0/src/rp2040/pico_platform/platform.c.obj
LOAD CMakeFiles/DisplayC.dir/C_/Users/Michelangelo/.pico-sdk/sdk/2.1.0/src/rp2_common/pico_platform_panic/panic.c.obj
LOAD CMakeFiles/DisplayC.dir/C_/Users/Michelangelo/.pico-sdk/sdk/2.1.0/src/common/hardware_claim/claim.c.obj
LOAD CMakeFiles/DisplayC.dir/C_/Users/Michelangelo/.pico-sdk/sdk/2.1.0/src/rp2_common/hardware_sync/sync.c.obj
LOAD CMakeFiles/DisplayC.dir/C_/Users/Michelangelo/.pico-sdk/sdk/2.1.0/src/rp2_common/hardware_sync_spin_lock/sync_spin_lock.c.obj
LOAD CMakeFiles/DisplayC.dir/C_/Users/Michelangelo/.pico-sdk/sdk/2.1.0/src/rp2_common/hardware_irq/irq.c.obj
LOAD CMakeFiles/DisplayC.dir/C_/Users/Michelangelo/.pico-sdk/sdk/2.1.0/src/rp2_common/hardware_irq/irq_handler_chain.S.obj
LOAD CMakeFiles/DisplayC.dir/C_/Users/Michelangelo/.pico-sdk/sdk/2.1.0/src/common/pico_sync/sem.c.obj
LOAD CMakeFiles/DisplayC.dir/C_/Users/Michelangelo/.pico-sdk/sdk/2.1.0/src/common/pico_sync/lock_core.c.obj
LOAD CMakeFiles/DisplayC.dir/C_/Users/Michelangelo/.pico-sdk/sdk/2.1.0/src/common/pico_sync/mutex.c.obj
LOAD CMakeFiles/DisplayC.dir/C_/Users/Michelangelo/.pico-sdk/sdk/2.1.0/src/common/pico_sync/critical_section.c.obj
LOAD CMakeFiles/DisplayC.dir/C_/Users/Michelangelo/.pico-sdk/sdk/2.1.0/src/common/pico_time/time.c.obj
LOAD CMakeFiles/DisplayC.dir/C_/Users/Michelangelo/.pico-sdk/sdk/2.1.0/src/common/pico_time/timeout_helper.c.obj
LOAD CMakeFiles/DisplayC.dir/C_/Users/Michelangelo/.pico-sdk/sdk/2.1.0/src/rp2_common/hardware_timer/timer.c.obj
LOAD CMakeFiles/DisplayC.dir/C_/Users/Michelangelo/.pico-sdk/sdk/2.1.0/src/common/pico_util/datetime.c.obj
LOAD CMakeFiles/DisplayC.dir/C_/Users/Michelangelo/.pico-sdk/sdk/2.1.0/src/common/pico_util/pheap.c.obj
LOAD CMakeFiles/DisplayC.dir/C_/Users/Michelangelo/.pico-sdk/sdk/2.1.0/src/common/pico_util/queue.c.obj
LOAD CMakeFiles/DisplayC.dir/C_/Users/Michelangelo/.pico-sdk/sdk/2.1.0/src/rp2_common/hardware_uart/uart.c.obj
LOAD CMakeFiles/DisplayC.dir/C_/Users/Michelangelo/.pico-sdk/sdk/2.1.0/src/rp2_common/hardware_clocks/clocks.c.obj
LOAD CMakeFiles/DisplayC.dir/C_/Users/Michelangelo/.pico-sdk/sdk/2.1.0/src/rp2_common/hardware_pll/pll.c.obj
LOAD CMakeFiles/DisplayC.dir/C_/Users/Michelangelo/.pico-sdk/sdk/2.1.0/src/rp2_common/hardware_vreg/vreg.c.obj
LOAD CMakeFiles/DisplayC.dir/C_/Users/Michelangelo/.pico-sdk/sdk/2.1.0/src/rp2_common/hardware_watchdog/watchdog.c.obj
LOAD CMakeFiles/DisplayC.dir/C_/Users/Michelangelo/.pico-sdk/sdk/2.1.0/src/rp2_common/hardware_ticks/ticks.c.obj
LOAD CMakeFiles/DisplayC.dir/C_/Users/Michelangelo/.pico-sdk/sdk/2.1.0/src/rp2_common/pico_bootrom/bootrom.c.obj
LOAD CMakeFiles/DisplayC.dir/C_/Users/Michelangelo/.pico-sdk/sdk/2.1.0/src/rp2_common/pico_bootrom/bootrom_lock.c.obj
LOAD CMakeFiles/DisplayC.dir/C_/Users/Michelangelo/.pico-sdk/sdk/2.1.0/src/rp2_common/hardware_boot_lock/boot_lock.c.obj
LOAD CMakeFiles/DisplayC.dir/C_/Users/Michelangelo/.pico-sdk/sdk/2.1.0/src/rp2_common/pico_flash/flash.c.obj
LOAD CMakeFiles/DisplayC.dir/C_/Users/Michelangelo/.pico-sdk/sdk/2.1.0/src/rp2_common/hardware_xosc/xosc.c.obj
LOAD CMakeFiles/DisplayC.dir/C_/Users/Michelangelo/.pico-sdk/sdk/2.1.0/src/rp2_common/hardware_divider/divider.S.obj
LOAD CMakeFiles/DisplayC.dir/C_/Users/Michelangelo/.pico-sdk/sdk/2.1.0/src/rp2_common/pico_runtime/runtime.c.obj
LOAD CMakeFiles/DisplayC.dir/C_/Users/Michelangelo/.pico-sdk/sdk/2.1.0/src/rp2_common/pico_runtime_init/runtime_init.c.obj
LOAD CMakeFiles/DisplayC.dir/C_/Users/Michelangelo/.pico-sdk/sdk/2.1.0/src/rp2_common/pico_runtime_init/runtime_init_clocks.c.obj
LOAD CMakeFiles/DisplayC.dir/C_/Users/Michelangelo/.pico-sdk/sdk/2.1.0/src/rp2_common/pico_runtime_init/runtime_init_stack_guard.c.obj
LOAD CMakeFiles/DisplayC.dir/C_/Users/Michelangelo/.pico-sdk/sdk/2.1.0/src/rp2_common/pico_bit_ops/bit_ops_aeabi.S.obj
LOAD CMakeFiles/DisplayC.dir/C_/Users/Michelangelo/.pico-sdk/sdk/2.1.0/src/rp2_common/pico_divider/divider_hardware.S.obj
LOAD CMakeFiles/DisplayC.dir/C_/Users/Michelangelo/.pico-sdk/sdk/2.1.0/src/rp2_common/pico_double/double_aeabi_rp2040.S.obj
LOAD CMakeFiles/DisplayC.dir/C_/Users/Michelangelo/.pico-sdk/sdk/2.1.0/src/rp2_common/pico_double/double_init_rom_rp2040.c.obj
LOAD CMakeFiles/DisplayC.dir/C_/Users/Michelangelo/.pico-sdk/sdk/2.1.0/src/rp2_common/pico_double/double_math.c.obj
LOAD CMakeFiles/DisplayC.dir/C_/Users/Michelangelo/.pico-sdk/sdk/2.1.0/src/rp2_common/pico_double/double_v1_rom_shim_rp2040.S.obj
LOAD CMakeFiles/DisplayC.dir/C_/Users/Michelangelo/.pico-sdk/sdk/2.1.0/src/rp2_common/pico_int64_ops/pico_int64_ops_aeabi.S.obj
LOAD CMakeFiles/DisplayC.dir/C_/Users/Michelangelo/.pico-sdk/sdk/2.1.0/src/rp2_common/pico_float/float_aeabi_rp2040.S.obj
LOAD CMakeFiles/DisplayC.dir/C_/Users/Michelangelo/.pico-sdk/sdk/2.1.0/src/rp2_common/pico_float/float_init_rom_rp2040.c.obj
LOAD CMakeFiles/DisplayC.dir/C_/Users/Michelangelo/.pico-sdk/sdk/2.1.0/src/rp2_common/pico_float/float_math.c.obj
LOAD CMakeFiles/DisplayC.dir/C_/Users/Michelangelo/.pico-sdk/sdk/2.1.0/src/rp2_common/pico_float/float_v1_rom_shim_rp2040.S.obj
LOAD CMakeFiles/DisplayC.dir/C_/Users/Michelangelo/.pico-sdk/sdk/2.1.0/src/rp2_common/pico_malloc/malloc.c.obj
LOAD CMakeFiles/DisplayC.dir/C_/Users/Michelangelo/.pico-sdk/sdk/2.1.0/src/rp2_common/pico_mem_ops/mem_ops_aeabi.S.obj
LOAD CMakeFiles/DisplayC.dir/C_/Users/Michelangelo/.pico-sdk/sdk/2.1.0/src/rp2_common/pico_atomic/atomic.c.obj
LOAD CMakeFiles/DisplayC.dir/C_/Users/Michelangelo/.pico-sdk/sdk/2.1.0/src/rp2_common/pico_cxx_options/new_delete.cpp.obj
LOAD CMakeFiles/DisplayC.dir/C_/Users/Michelangelo/.pico-sdk/sdk/2.1.0/src/rp2_common/pico_standard_binary_info/standard_binary_info.c.obj
LOAD CMakeFiles/DisplayC.dir/C_/Users/Michelangelo/.pico-sdk/sdk/2.1.0/src/rp2_common/pico_printf/printf.c.obj
LOAD CMakeFiles/DisplayC.dir/C_/Users/Michelangelo/.pico-sdk/sdk/2.1.0/src/rp2_common/pico_crt0/crt0.S.obj
LOAD CMakeFiles/DisplayC.dir/C_/Users/Michelangelo/.pico-sdk/sdk/2.1.0/src/rp2_common/pico_clib_interface/newlib_interface.c.obj
LOAD CMakeFiles/DisplayC.dir/C_/Users/Michelangelo/.pico-sdk/sdk/2.1.0/src/rp2_common/pico_stdio/stdio.c.obj
LOAD CMakeFiles/DisplayC.dir/C_/Users/Michelangelo/.pico-sdk/sdk/2.1.0/src/rp2_common/pico_stdio_usb/reset_interface.c.obj
LOAD CMakeFiles/DisplayC.dir/C_/Users/Michelangelo/.pico-sdk/sdk/2.1.0/src/rp2_common/pico_stdio_usb/stdio_usb.c.obj
LOAD CMakeFiles/DisplayC.dir/C_/Users/Michelangelo/.pico-sdk/sdk/2.1.0/src/rp2_common/pico_stdio_usb/stdio_usb_descriptors.c.obj
LOAD CMakeFiles/DisplayC.dir/C_/Users/Michelangelo/.pico-sdk/sdk/2.1.0/src/rp2_common/pico_unique_id/unique_id.c.obj
LOAD CMakeFiles/DisplayC.dir/C_/Users/Michelangelo/.pico-sdk/sdk/2.1.0/src/rp2_common/hardware_flash/flash.c.obj
LOAD CMakeFiles/DisplayC.dir/C_/Users/Michelangelo/.pico-sdk/sdk/2.1.0/src/rp2_common/hardware_xip_cache/xip_cache.c.obj
LOAD CMakeFiles/DisplayC.dir/C_/Users/Michelangelo/.pico-sdk/sdk/2.1.0/lib/tinyusb/src/portable/raspberrypi/rp2040/dcd_rp2040.c.obj
LOAD CMakeFiles/DisplayC.dir/C_/Users/Michelangelo/.pico-sdk/sdk/2.1.0/lib/tinyusb/src/portable/raspberrypi/rp2040/rp2040_usb.c.obj
LOAD CMakeFiles/DisplayC.dir/C_/Users/Michelangelo/.pico-sdk/sdk/2.1.0/lib/tinyusb/src/device/usbd.c.obj
LOAD CMakeFiles/DisplayC.dir/C_/Users/Michelangelo/.pico-sdk/sdk/2.1.0/lib/tinyusb/src/device/usbd_control.c.obj
LOAD CMakeFiles/DisplayC.dir/C_/Users/Michelangelo/.pico-sdk/sdk/2.1.0/lib/tinyusb/src/class/audio/audio_device.c.obj
LOAD CMakeFiles/DisplayC.dir/C_/Users/Michelangelo/.pico-sdk/sdk/2.1.0/lib/tinyusb/src/class/cdc/cdc_device.c.obj
LOAD CMakeFiles/DisplayC.dir/C_/Users/Michelangelo/.pico-sdk/sdk/2.1.0/lib/tinyusb/src/class/dfu/dfu_device.c.obj
LOAD CMakeFiles/DisplayC.dir/C_/Users/Michelangelo/.pico-sdk/sdk/2.1.0/lib/tinyusb/src/class/dfu/dfu_rt_device.c.obj
LOAD CMakeFiles/DisplayC.dir/C_/Users/Michelangelo/.pico-sdk/sdk/2.1.0/lib/tinyusb/src/class/hid/hid_device.c.obj
LOAD CMakeFiles/DisplayC.dir/C_/Users/Michelangelo/.pico-sdk/sdk/2.1.0/lib/tinyusb/src/class/midi/midi_device.c.obj
LOAD CMakeFiles/DisplayC.dir/C_/Users/Michelangelo/.pico-sdk/sdk/2.1.0/lib/tinyusb/src/class/msc/msc_device.c.obj
LOAD CMakeFiles/DisplayC.dir/C_/Users/Michelangelo/.pico-sdk/sdk/2.1.0/lib/tinyusb/src/class/net/ecm_rndis_device.c.obj
LOAD CMakeFiles/DisplayC.dir/C_/Users/Michelangelo/.pico-sdk/sdk/2.1.0/lib/tinyusb/src/class/net/ncm_device.c.obj
LOAD CMakeFiles/DisplayC.dir/C_/Users/Michelangelo/.pico-sdk/sdk/2.1.0/lib/tinyusb/src/class/usbtmc/usbtmc_device.c.obj
LOAD CMakeFiles/DisplayC.dir/C_/Users/Michelangelo/.pico-sdk/sdk/2.1.0/lib/tinyusb/src/class/vendor/vendor_device.c.obj
LOAD CMakeFiles/DisplayC.dir/C_/Users/Michelangelo/.pico-sdk/sdk/2.1.0/lib/tinyusb/src/class/video/video_device.c.obj
LOAD CMakeFiles/DisplayC.dir/C_/Users/Michelangelo/.pico-sdk/sdk/2.1.0/lib/tinyusb/src/tusb.c.obj
LOAD CMakeFiles/DisplayC.dir/C_/Users/Michelangelo/.pico-sdk/sdk/2.1.0/lib/tinyusb/src/common/tusb_fifo.c.obj
LOAD CMakeFiles/DisplayC.dir/C_/Users/Michelangelo/.pico-sdk/sdk/2.1.0/src/rp2_common/pico_fix/rp2040_usb_device_enumeration/rp2040_usb_device_enumeration.c.obj
LOAD CMakeFiles/DisplayC.dir/C_/Users/Michelangelo/.pico-sdk/sdk/2.1.0/src/rp2_common/hardware_i2c/i2c.c.obj
LOAD pico-sdk/src/rp2040/boot_stage2/CMakeFiles/bs2_default_library.dir/./bs2_default_padded_checksummed.S.obj
LOAD C:/Users/Michelangelo/.pico-sdk/toolchain/13_3_Rel1/bin/../lib/gcc/arm-none-eabi/13.3.1/thumb/v6-m/nofp\libstdc++.a
LOAD C:/Users/Michelangelo/.pico-sdk/toolchain/13_3_Rel1/bin/../lib/gcc/arm-none-eabi/13.3.1/thumb/v6-m/nofp\libm.a
START GROUP
LOAD C:/Users/Michelangelo/.pico-sdk/toolchain/13_3_Rel1/bin/../lib/gcc/arm-none-eabi/13.3.1/thumb/v6-m/nofp\libgcc.a
LOAD C:/Users/Michelangelo/.pico-sdk/toolchain/13_3_Rel1/bin/../lib/gcc/arm-none-eabi/13.3.1/thumb/v6-m/nofp\libg.a
LOAD C:/Users/Michelangelo/.pico-sdk/toolchain/13_3_Rel1/bin/../lib/gcc/arm-none-eabi/13.3.1/thumb/v6-m/nofp\libc.a
END GROUP
START GROUP
LOAD C:/Users/Michelangelo/.pico-sdk/toolchain/13_3_Rel1/bin/../lib/gcc/arm-none-eabi/13.3.1/thumb/v6-m/nofp\libgcc.a
LOAD C:/Users/Michelangelo/.pico-sdk/toolchain/13_3_Rel1/bin/../lib/gcc/arm-none-eabi/13.3.1/thumb/v6-m/nofp\libc.a
LOAD C:/Users/Michelangelo/.pico-sdk/toolchain/13_3_Rel1/bin/../lib/gcc/arm-none-eabi/13.3.1/thumb/v6-m/nofp\libnosys.a
END GROUP
LOAD C:/Users/Michelangelo/.pico-sdk/toolchain/13_3_Rel1/bin/../lib/gcc/arm-none-eabi/13.3.1/thumb/v6-m/nofp/crtend.o
LOAD C:/Users/Michelangelo/.pico-sdk/toolchain/13_3_Rel1/bin/../lib/gcc/arm-none-eabi/13.3.1/thumb/v6-m/nofp/crtn.o
OUTPUT(DisplayC.elf elf32-littlearm)
LOAD linker stubs

.ARM.attributes
                0x00000000       0x28
 .ARM.attributes
                0x00000000       0x1e C:/Users/Michelangelo/.pico-sdk/toolchain/13_3_Rel1/bin/../lib/gcc/arm-none-eabi/13.3.1/thumb/v6-m/nofp/crti.o
 .ARM.attributes
                0x0000001e       0x2c C:/Users/Michelangelo/.pico-sdk/toolchain/13_3_Rel1/bin/../lib/gcc/arm-none-eabi/13.3.1/thumb/v6-m/nofp/crtbegin.o
 .ARM.attributes
                0x0000004a       0x2c CMakeFiles/DisplayC.dir/DisplayC.c.obj
 .ARM.attributes
                0x00000076       0x2c CMakeFiles/DisplayC.dir/inc/ssd1306.c.obj
 .ARM.attributes
                0x000000a2       0x2c CMakeFiles/DisplayC.dir/C_/Users/Michelangelo/.pico-sdk/sdk/2.1.0/src/rp2_common/hardware_gpio/gpio.c.obj
 .ARM.attributes
                0x000000ce       0x2c CMakeFiles/DisplayC.dir/C_/Users/Michelangelo/.pico-sdk/sdk/2.1.0/src/rp2_common/pico_platform_panic/panic.c.obj
 .ARM.attributes
                0x000000fa       0x2c CMakeFiles/DisplayC.dir/C_/Users/Michelangelo/.pico-sdk/sdk/2.1.0/src/common/hardware_claim/claim.c.obj
 .ARM.attributes
                0x00000126       0x2c CMakeFiles/DisplayC.dir/C_/Users/Michelangelo/.pico-sdk/sdk/2.1.0/src/rp2_common/hardware_sync/sync.c.obj
 .ARM.attributes
                0x00000152       0x2c CMakeFiles/DisplayC.dir/C_/Users/Michelangelo/.pico-sdk/sdk/2.1.0/src/rp2_common/hardware_sync_spin_lock/sync_spin_lock.c.obj
 .ARM.attributes
                0x0000017e       0x2c CMakeFiles/DisplayC.dir/C_/Users/Michelangelo/.pico-sdk/sdk/2.1.0/src/rp2_common/hardware_irq/irq.c.obj
 .ARM.attributes
                0x000001aa       0x2c CMakeFiles/DisplayC.dir/C_/Users/Michelangelo/.pico-sdk/sdk/2.1.0/src/common/pico_sync/lock_core.c.obj
 .ARM.attributes
                0x000001d6       0x2c CMakeFiles/DisplayC.dir/C_/Users/Michelangelo/.pico-sdk/sdk/2.1.0/src/common/pico_sync/mutex.c.obj
 .ARM.attributes
                0x00000202       0x2c CMakeFiles/DisplayC.dir/C_/Users/Michelangelo/.pico-sdk/sdk/2.1.0/src/common/pico_time/time.c.obj
 .ARM.attributes
                0x0000022e       0x2c CMakeFiles/DisplayC.dir/C_/Users/Michelangelo/.pico-sdk/sdk/2.1.0/src/rp2_common/hardware_timer/timer.c.obj
 .ARM.attributes
                0x0000025a       0x2c CMakeFiles/DisplayC.dir/C_/Users/Michelangelo/.pico-sdk/sdk/2.1.0/src/rp2_common/hardware_clocks/clocks.c.obj
 .ARM.attributes
                0x00000286       0x2c CMakeFiles/DisplayC.dir/C_/Users/Michelangelo/.pico-sdk/sdk/2.1.0/src/rp2_common/hardware_pll/pll.c.obj
 .ARM.attributes
                0x000002b2       0x2c CMakeFiles/DisplayC.dir/C_/Users/Michelangelo/.pico-sdk/sdk/2.1.0/src/rp2_common/hardware_ticks/ticks.c.obj
 .ARM.attributes
                0x000002de       0x2c CMakeFiles/DisplayC.dir/C_/Users/Michelangelo/.pico-sdk/sdk/2.1.0/src/rp2_common/pico_bootrom/bootrom.c.obj
 .ARM.attributes
                0x0000030a       0x2c CMakeFiles/DisplayC.dir/C_/Users/Michelangelo/.pico-sdk/sdk/2.1.0/src/rp2_common/hardware_xosc/xosc.c.obj
 .ARM.attributes
                0x00000336       0x2c CMakeFiles/DisplayC.dir/C_/Users/Michelangelo/.pico-sdk/sdk/2.1.0/src/rp2_common/pico_runtime/runtime.c.obj
 .ARM.attributes
                0x00000362       0x2c CMakeFiles/DisplayC.dir/C_/Users/Michelangelo/.pico-sdk/sdk/2.1.0/src/rp2_common/pico_runtime_init/runtime_init.c.obj
 .ARM.attributes
                0x0000038e       0x2c CMakeFiles/DisplayC.dir/C_/Users/Michelangelo/.pico-sdk/sdk/2.1.0/src/rp2_common/pico_runtime_init/runtime_init_clocks.c.obj
 .ARM.attributes
                0x000003ba       0x22 CMakeFiles/DisplayC.dir/C_/Users/Michelangelo/.pico-sdk/sdk/2.1.0/src/rp2_common/pico_bit_ops/bit_ops_aeabi.S.obj
 .ARM.attributes
                0x000003dc       0x22 CMakeFiles/DisplayC.dir/C_/Users/Michelangelo/.pico-sdk/sdk/2.1.0/src/rp2_common/pico_divider/divider_hardware.S.obj
 .ARM.attributes
                0x000003fe       0x22 CMakeFiles/DisplayC.dir/C_/Users/Michelangelo/.pico-sdk/sdk/2.1.0/src/rp2_common/pico_double/double_aeabi_rp2040.S.obj
 .ARM.attributes
                0x00000420       0x2c CMakeFiles/DisplayC.dir/C_/Users/Michelangelo/.pico-sdk/sdk/2.1.0/src/rp2_common/pico_double/double_init_rom_rp2040.c.obj
 .ARM.attributes
                0x0000044c       0x22 CMakeFiles/DisplayC.dir/C_/Users/Michelangelo/.pico-sdk/sdk/2.1.0/src/rp2_common/pico_double/double_v1_rom_shim_rp2040.S.obj
 .ARM.attributes
                0x0000046e       0x22 CMakeFiles/DisplayC.dir/C_/Users/Michelangelo/.pico-sdk/sdk/2.1.0/src/rp2_common/pico_int64_ops/pico_int64_ops_aeabi.S.obj
 .ARM.attributes
                0x00000490       0x22 CMakeFiles/DisplayC.dir/C_/Users/Michelangelo/.pico-sdk/sdk/2.1.0/src/rp2_common/pico_float/float_aeabi_rp2040.S.obj
 .ARM.attributes
                0x000004b2       0x2c CMakeFiles/DisplayC.dir/C_/Users/Michelangelo/.pico-sdk/sdk/2.1.0/src/rp2_common/pico_float/float_init_rom_rp2040.c.obj
 .ARM.attributes
                0x000004de       0x22 CMakeFiles/DisplayC.dir/C_/Users/Michelangelo/.pico-sdk/sdk/2.1.0/src/rp2_common/pico_float/float_v1_rom_shim_rp2040.S.obj
 .ARM.attributes
                0x00000500       0x2c CMakeFiles/DisplayC.dir/C_/Users/Michelangelo/.pico-sdk/sdk/2.1.0/src/rp2_common/pico_malloc/malloc.c.obj
 .ARM.attributes
                0x0000052c       0x22 CMakeFiles/DisplayC.dir/C_/Users/Michelangelo/.pico-sdk/sdk/2.1.0/src/rp2_common/pico_mem_ops/mem_ops_aeabi.S.obj
 .ARM.attributes
                0x0000054e       0x2c CMakeFiles/DisplayC.dir/C_/Users/Michelangelo/.pico-sdk/sdk/2.1.0/src/rp2_common/pico_standard_binary_info/standard_binary_info.c.obj
 .ARM.attributes
                0x0000057a       0x2c CMakeFiles/DisplayC.dir/C_/Users/Michelangelo/.pico-sdk/sdk/2.1.0/src/rp2_common/pico_printf/printf.c.obj
 .ARM.attributes
                0x000005a6       0x22 CMakeFiles/DisplayC.dir/C_/Users/Michelangelo/.pico-sdk/sdk/2.1.0/src/rp2_common/pico_crt0/crt0.S.obj
 .ARM.attributes
                0x000005c8       0x2c CMakeFiles/DisplayC.dir/C_/Users/Michelangelo/.pico-sdk/sdk/2.1.0/src/rp2_common/pico_clib_interface/newlib_interface.c.obj
 .ARM.attributes
                0x000005f4       0x2c CMakeFiles/DisplayC.dir/C_/Users/Michelangelo/.pico-sdk/sdk/2.1.0/src/rp2_common/pico_stdio/stdio.c.obj
 .ARM.attributes
                0x00000620       0x2c CMakeFiles/DisplayC.dir/C_/Users/Michelangelo/.pico-sdk/sdk/2.1.0/src/rp2_common/pico_unique_id/unique_id.c.obj
 .ARM.attributes
                0x0000064c       0x2c CMakeFiles/DisplayC.dir/C_/Users/Michelangelo/.pico-sdk/sdk/2.1.0/src/rp2_common/hardware_flash/flash.c.obj
 .ARM.attributes
                0x00000678       0x2c CMakeFiles/DisplayC.dir/C_/Users/Michelangelo/.pico-sdk/sdk/2.1.0/src/rp2_common/hardware_i2c/i2c.c.obj
 .ARM.attributes
                0x000006a4       0x22 pico-sdk/src/rp2040/boot_stage2/CMakeFiles/bs2_default_library.dir/./bs2_default_padded_checksummed.S.obj
 .ARM.attributes
                0x000006c6       0x1e C:/Users/Michelangelo/.pico-sdk/toolchain/13_3_Rel1/bin/../lib/gcc/arm-none-eabi/13.3.1/thumb/v6-m/nofp\libgcc.a(_dvmd_tls.o)
 .ARM.attributes
                0x000006e4       0x2c C:/Users/Michelangelo/.pico-sdk/toolchain/13_3_Rel1/bin/../lib/gcc/arm-none-eabi/13.3.1/thumb/v6-m/nofp\libg.a(libc_a-calloc.o)
 .ARM.attributes
                0x00000710       0x2c C:/Users/Michelangelo/.pico-sdk/toolchain/13_3_Rel1/bin/../lib/gcc/arm-none-eabi/13.3.1/thumb/v6-m/nofp\libg.a(libc_a-callocr.o)
 .ARM.attributes
                0x0000073c       0x2c C:/Users/Michelangelo/.pico-sdk/toolchain/13_3_Rel1/bin/../lib/gcc/arm-none-eabi/13.3.1/thumb/v6-m/nofp\libg.a(libc_a-mallocr.o)
 .ARM.attributes
                0x00000768       0x2c C:/Users/Michelangelo/.pico-sdk/toolchain/13_3_Rel1/bin/../lib/gcc/arm-none-eabi/13.3.1/thumb/v6-m/nofp\libg.a(libc_a-mlock.o)
 .ARM.attributes
                0x00000794       0x2c C:/Users/Michelangelo/.pico-sdk/toolchain/13_3_Rel1/bin/../lib/gcc/arm-none-eabi/13.3.1/thumb/v6-m/nofp\libg.a(libc_a-impure.o)
 .ARM.attributes
                0x000007c0       0x2c C:/Users/Michelangelo/.pico-sdk/toolchain/13_3_Rel1/bin/../lib/gcc/arm-none-eabi/13.3.1/thumb/v6-m/nofp\libg.a(libc_a-sbrkr.o)
 .ARM.attributes
                0x000007ec       0x2c C:/Users/Michelangelo/.pico-sdk/toolchain/13_3_Rel1/bin/../lib/gcc/arm-none-eabi/13.3.1/thumb/v6-m/nofp\libg.a(libc_a-errno.o)
 .ARM.attributes
                0x00000818       0x2c C:/Users/Michelangelo/.pico-sdk/toolchain/13_3_Rel1/bin/../lib/gcc/arm-none-eabi/13.3.1/thumb/v6-m/nofp\libg.a(libc_a-lock.o)
 .ARM.attributes
                0x00000844       0x2c C:/Users/Michelangelo/.pico-sdk/toolchain/13_3_Rel1/bin/../lib/gcc/arm-none-eabi/13.3.1/thumb/v6-m/nofp\libg.a(libc_a-sysconf.o)
 .ARM.attributes
                0x00000870       0x2c C:/Users/Michelangelo/.pico-sdk/toolchain/13_3_Rel1/bin/../lib/gcc/arm-none-eabi/13.3.1/thumb/v6-m/nofp\libg.a(libc_a-strlen-stub.o)
 .ARM.attributes
                0x0000089c       0x2c C:/Users/Michelangelo/.pico-sdk/toolchain/13_3_Rel1/bin/../lib/gcc/arm-none-eabi/13.3.1/thumb/v6-m/nofp\libg.a(libc_a-freer.o)
 .ARM.attributes
                0x000008c8       0x2c C:/Users/Michelangelo/.pico-sdk/toolchain/13_3_Rel1/bin/../lib/gcc/arm-none-eabi/13.3.1/thumb/v6-m/nofp\libg.a(libc_a-findfp.o)
 .ARM.attributes
                0x000008f4       0x2c C:/Users/Michelangelo/.pico-sdk/toolchain/13_3_Rel1/bin/../lib/gcc/arm-none-eabi/13.3.1/thumb/v6-m/nofp\libg.a(libc_a-reent.o)
 .ARM.attributes
                0x00000920       0x2c C:/Users/Michelangelo/.pico-sdk/toolchain/13_3_Rel1/bin/../lib/gcc/arm-none-eabi/13.3.1/thumb/v6-m/nofp/crtend.o

.comment        0x00000000       0x45
 .comment       0x00000000       0x45 CMakeFiles/DisplayC.dir/DisplayC.c.obj
                                 0x46 (size before relaxing)
 .comment       0x00000045       0x46 CMakeFiles/DisplayC.dir/inc/ssd1306.c.obj
 .comment       0x00000045       0x46 CMakeFiles/DisplayC.dir/C_/Users/Michelangelo/.pico-sdk/sdk/2.1.0/src/rp2_common/hardware_gpio/gpio.c.obj
 .comment       0x00000045       0x46 CMakeFiles/DisplayC.dir/C_/Users/Michelangelo/.pico-sdk/sdk/2.1.0/src/rp2_common/pico_platform_panic/panic.c.obj
 .comment       0x00000045       0x46 CMakeFiles/DisplayC.dir/C_/Users/Michelangelo/.pico-sdk/sdk/2.1.0/src/common/hardware_claim/claim.c.obj
 .comment       0x00000045       0x46 CMakeFiles/DisplayC.dir/C_/Users/Michelangelo/.pico-sdk/sdk/2.1.0/src/rp2_common/hardware_sync/sync.c.obj
 .comment       0x00000045       0x46 CMakeFiles/DisplayC.dir/C_/Users/Michelangelo/.pico-sdk/sdk/2.1.0/src/rp2_common/hardware_sync_spin_lock/sync_spin_lock.c.obj
 .comment       0x00000045       0x46 CMakeFiles/DisplayC.dir/C_/Users/Michelangelo/.pico-sdk/sdk/2.1.0/src/rp2_common/hardware_irq/irq.c.obj
 .comment       0x00000045       0x46 CMakeFiles/DisplayC.dir/C_/Users/Michelangelo/.pico-sdk/sdk/2.1.0/src/common/pico_sync/lock_core.c.obj
 .comment       0x00000045       0x46 CMakeFiles/DisplayC.dir/C_/Users/Michelangelo/.pico-sdk/sdk/2.1.0/src/common/pico_sync/mutex.c.obj
 .comment       0x00000045       0x46 CMakeFiles/DisplayC.dir/C_/Users/Michelangelo/.pico-sdk/sdk/2.1.0/src/common/pico_time/time.c.obj
 .comment       0x00000045       0x46 CMakeFiles/DisplayC.dir/C_/Users/Michelangelo/.pico-sdk/sdk/2.1.0/src/rp2_common/hardware_timer/timer.c.obj
 .comment       0x00000045       0x46 CMakeFiles/DisplayC.dir/C_/Users/Michelangelo/.pico-sdk/sdk/2.1.0/src/rp2_common/hardware_clocks/clocks.c.obj
 .comment       0x00000045       0x46 CMakeFiles/DisplayC.dir/C_/Users/Michelangelo/.pico-sdk/sdk/2.1.0/src/rp2_common/hardware_pll/pll.c.obj
 .comment       0x00000045       0x46 CMakeFiles/DisplayC.dir/C_/Users/Michelangelo/.pico-sdk/sdk/2.1.0/src/rp2_common/hardware_ticks/ticks.c.obj
 .comment       0x00000045       0x46 CMakeFiles/DisplayC.dir/C_/Users/Michelangelo/.pico-sdk/sdk/2.1.0/src/rp2_common/pico_bootrom/bootrom.c.obj
 .comment       0x00000045       0x46 CMakeFiles/DisplayC.dir/C_/Users/Michelangelo/.pico-sdk/sdk/2.1.0/src/rp2_common/hardware_xosc/xosc.c.obj
 .comment       0x00000045       0x46 CMakeFiles/DisplayC.dir/C_/Users/Michelangelo/.pico-sdk/sdk/2.1.0/src/rp2_common/pico_runtime/runtime.c.obj
 .comment       0x00000045       0x46 CMakeFiles/DisplayC.dir/C_/Users/Michelangelo/.pico-sdk/sdk/2.1.0/src/rp2_common/pico_runtime_init/runtime_init.c.obj
 .comment       0x00000045       0x46 CMakeFiles/DisplayC.dir/C_/Users/Michelangelo/.pico-sdk/sdk/2.1.0/src/rp2_common/pico_runtime_init/runtime_init_clocks.c.obj
 .comment       0x00000045       0x46 CMakeFiles/DisplayC.dir/C_/Users/Michelangelo/.pico-sdk/sdk/2.1.0/src/rp2_common/pico_double/double_init_rom_rp2040.c.obj
 .comment       0x00000045       0x46 CMakeFiles/DisplayC.dir/C_/Users/Michelangelo/.pico-sdk/sdk/2.1.0/src/rp2_common/pico_float/float_init_rom_rp2040.c.obj
 .comment       0x00000045       0x46 CMakeFiles/DisplayC.dir/C_/Users/Michelangelo/.pico-sdk/sdk/2.1.0/src/rp2_common/pico_malloc/malloc.c.obj
 .comment       0x00000045       0x46 CMakeFiles/DisplayC.dir/C_/Users/Michelangelo/.pico-sdk/sdk/2.1.0/src/rp2_common/pico_standard_binary_info/standard_binary_info.c.obj
 .comment       0x00000045       0x46 CMakeFiles/DisplayC.dir/C_/Users/Michelangelo/.pico-sdk/sdk/2.1.0/src/rp2_common/pico_printf/printf.c.obj
 .comment       0x00000045       0x46 CMakeFiles/DisplayC.dir/C_/Users/Michelangelo/.pico-sdk/sdk/2.1.0/src/rp2_common/pico_clib_interface/newlib_interface.c.obj
 .comment       0x00000045       0x46 CMakeFiles/DisplayC.dir/C_/Users/Michelangelo/.pico-sdk/sdk/2.1.0/src/rp2_common/pico_stdio/stdio.c.obj
 .comment       0x00000045       0x46 CMakeFiles/DisplayC.dir/C_/Users/Michelangelo/.pico-sdk/sdk/2.1.0/src/rp2_common/pico_unique_id/unique_id.c.obj
 .comment       0x00000045       0x46 CMakeFiles/DisplayC.dir/C_/Users/Michelangelo/.pico-sdk/sdk/2.1.0/src/rp2_common/hardware_flash/flash.c.obj
 .comment       0x00000045       0x46 CMakeFiles/DisplayC.dir/C_/Users/Michelangelo/.pico-sdk/sdk/2.1.0/src/rp2_common/hardware_i2c/i2c.c.obj

.debug_info     0x00000000    0x1ea19
 .debug_info    0x00000000      0x9a7 CMakeFiles/DisplayC.dir/DisplayC.c.obj
 .debug_info    0x000009a7     0x1b3a CMakeFiles/DisplayC.dir/inc/ssd1306.c.obj
 .debug_info    0x000024e1     0x2437 CMakeFiles/DisplayC.dir/C_/Users/Michelangelo/.pico-sdk/sdk/2.1.0/src/rp2_common/hardware_gpio/gpio.c.obj
 .debug_info    0x00004918      0x1bf CMakeFiles/DisplayC.dir/C_/Users/Michelangelo/.pico-sdk/sdk/2.1.0/src/rp2_common/pico_platform_panic/panic.c.obj
 .debug_info    0x00004ad7      0x995 CMakeFiles/DisplayC.dir/C_/Users/Michelangelo/.pico-sdk/sdk/2.1.0/src/common/hardware_claim/claim.c.obj
 .debug_info    0x0000546c      0x458 CMakeFiles/DisplayC.dir/C_/Users/Michelangelo/.pico-sdk/sdk/2.1.0/src/rp2_common/hardware_sync/sync.c.obj
 .debug_info    0x000058c4      0x245 CMakeFiles/DisplayC.dir/C_/Users/Michelangelo/.pico-sdk/sdk/2.1.0/src/rp2_common/hardware_sync_spin_lock/sync_spin_lock.c.obj
 .debug_info    0x00005b09     0x21a8 CMakeFiles/DisplayC.dir/C_/Users/Michelangelo/.pico-sdk/sdk/2.1.0/src/rp2_common/hardware_irq/irq.c.obj
 .debug_info    0x00007cb1      0x15f CMakeFiles/DisplayC.dir/C_/Users/Michelangelo/.pico-sdk/sdk/2.1.0/src/common/pico_sync/lock_core.c.obj
 .debug_info    0x00007e10     0x2803 CMakeFiles/DisplayC.dir/C_/Users/Michelangelo/.pico-sdk/sdk/2.1.0/src/common/pico_sync/mutex.c.obj
 .debug_info    0x0000a613     0x485e CMakeFiles/DisplayC.dir/C_/Users/Michelangelo/.pico-sdk/sdk/2.1.0/src/common/pico_time/time.c.obj
 .debug_info    0x0000ee71     0x2b11 CMakeFiles/DisplayC.dir/C_/Users/Michelangelo/.pico-sdk/sdk/2.1.0/src/rp2_common/hardware_timer/timer.c.obj
 .debug_info    0x00011982     0x2935 CMakeFiles/DisplayC.dir/C_/Users/Michelangelo/.pico-sdk/sdk/2.1.0/src/rp2_common/hardware_clocks/clocks.c.obj
 .debug_info    0x000142b7      0x4e5 CMakeFiles/DisplayC.dir/C_/Users/Michelangelo/.pico-sdk/sdk/2.1.0/src/rp2_common/hardware_pll/pll.c.obj
 .debug_info    0x0001479c      0x248 CMakeFiles/DisplayC.dir/C_/Users/Michelangelo/.pico-sdk/sdk/2.1.0/src/rp2_common/hardware_ticks/ticks.c.obj
 .debug_info    0x000149e4      0x633 CMakeFiles/DisplayC.dir/C_/Users/Michelangelo/.pico-sdk/sdk/2.1.0/src/rp2_common/pico_bootrom/bootrom.c.obj
 .debug_info    0x00015017      0x1cc CMakeFiles/DisplayC.dir/C_/Users/Michelangelo/.pico-sdk/sdk/2.1.0/src/rp2_common/hardware_xosc/xosc.c.obj
 .debug_info    0x000151e3      0x21a CMakeFiles/DisplayC.dir/C_/Users/Michelangelo/.pico-sdk/sdk/2.1.0/src/rp2_common/pico_runtime/runtime.c.obj
 .debug_info    0x000153fd      0x795 CMakeFiles/DisplayC.dir/C_/Users/Michelangelo/.pico-sdk/sdk/2.1.0/src/rp2_common/pico_runtime_init/runtime_init.c.obj
 .debug_info    0x00015b92      0x780 CMakeFiles/DisplayC.dir/C_/Users/Michelangelo/.pico-sdk/sdk/2.1.0/src/rp2_common/pico_runtime_init/runtime_init_clocks.c.obj
 .debug_info    0x00016312       0x23 CMakeFiles/DisplayC.dir/C_/Users/Michelangelo/.pico-sdk/sdk/2.1.0/src/rp2_common/pico_bit_ops/bit_ops_aeabi.S.obj
 .debug_info    0x00016335       0x23 CMakeFiles/DisplayC.dir/C_/Users/Michelangelo/.pico-sdk/sdk/2.1.0/src/rp2_common/pico_divider/divider_hardware.S.obj
 .debug_info    0x00016358       0x23 CMakeFiles/DisplayC.dir/C_/Users/Michelangelo/.pico-sdk/sdk/2.1.0/src/rp2_common/pico_double/double_aeabi_rp2040.S.obj
 .debug_info    0x0001637b      0x28a CMakeFiles/DisplayC.dir/C_/Users/Michelangelo/.pico-sdk/sdk/2.1.0/src/rp2_common/pico_double/double_init_rom_rp2040.c.obj
 .debug_info    0x00016605       0x23 CMakeFiles/DisplayC.dir/C_/Users/Michelangelo/.pico-sdk/sdk/2.1.0/src/rp2_common/pico_double/double_v1_rom_shim_rp2040.S.obj
 .debug_info    0x00016628       0x24 CMakeFiles/DisplayC.dir/C_/Users/Michelangelo/.pico-sdk/sdk/2.1.0/src/rp2_common/pico_int64_ops/pico_int64_ops_aeabi.S.obj
 .debug_info    0x0001664c       0x23 CMakeFiles/DisplayC.dir/C_/Users/Michelangelo/.pico-sdk/sdk/2.1.0/src/rp2_common/pico_float/float_aeabi_rp2040.S.obj
 .debug_info    0x0001666f      0x28a CMakeFiles/DisplayC.dir/C_/Users/Michelangelo/.pico-sdk/sdk/2.1.0/src/rp2_common/pico_float/float_init_rom_rp2040.c.obj
 .debug_info    0x000168f9       0x23 CMakeFiles/DisplayC.dir/C_/Users/Michelangelo/.pico-sdk/sdk/2.1.0/src/rp2_common/pico_float/float_v1_rom_shim_rp2040.S.obj
 .debug_info    0x0001691c      0x3e4 CMakeFiles/DisplayC.dir/C_/Users/Michelangelo/.pico-sdk/sdk/2.1.0/src/rp2_common/pico_malloc/malloc.c.obj
 .debug_info    0x00016d00       0x23 CMakeFiles/DisplayC.dir/C_/Users/Michelangelo/.pico-sdk/sdk/2.1.0/src/rp2_common/pico_mem_ops/mem_ops_aeabi.S.obj
 .debug_info    0x00016d23      0x2e2 CMakeFiles/DisplayC.dir/C_/Users/Michelangelo/.pico-sdk/sdk/2.1.0/src/rp2_common/pico_standard_binary_info/standard_binary_info.c.obj
 .debug_info    0x00017005     0x211a CMakeFiles/DisplayC.dir/C_/Users/Michelangelo/.pico-sdk/sdk/2.1.0/src/rp2_common/pico_printf/printf.c.obj
 .debug_info    0x0001911f       0x23 CMakeFiles/DisplayC.dir/C_/Users/Michelangelo/.pico-sdk/sdk/2.1.0/src/rp2_common/pico_crt0/crt0.S.obj
 .debug_info    0x00019142      0xb54 CMakeFiles/DisplayC.dir/C_/Users/Michelangelo/.pico-sdk/sdk/2.1.0/src/rp2_common/pico_clib_interface/newlib_interface.c.obj
 .debug_info    0x00019c96     0x1bc3 CMakeFiles/DisplayC.dir/C_/Users/Michelangelo/.pico-sdk/sdk/2.1.0/src/rp2_common/pico_stdio/stdio.c.obj
 .debug_info    0x0001b859      0x201 CMakeFiles/DisplayC.dir/C_/Users/Michelangelo/.pico-sdk/sdk/2.1.0/src/rp2_common/pico_unique_id/unique_id.c.obj
 .debug_info    0x0001ba5a     0x12f3 CMakeFiles/DisplayC.dir/C_/Users/Michelangelo/.pico-sdk/sdk/2.1.0/src/rp2_common/hardware_flash/flash.c.obj
 .debug_info    0x0001cd4d     0x1ccc CMakeFiles/DisplayC.dir/C_/Users/Michelangelo/.pico-sdk/sdk/2.1.0/src/rp2_common/hardware_i2c/i2c.c.obj

.debug_abbrev   0x00000000     0x57a9
 .debug_abbrev  0x00000000      0x20e CMakeFiles/DisplayC.dir/DisplayC.c.obj
 .debug_abbrev  0x0000020e      0x2f8 CMakeFiles/DisplayC.dir/inc/ssd1306.c.obj
 .debug_abbrev  0x00000506      0x4f9 CMakeFiles/DisplayC.dir/C_/Users/Michelangelo/.pico-sdk/sdk/2.1.0/src/rp2_common/hardware_gpio/gpio.c.obj
 .debug_abbrev  0x000009ff      0x12b CMakeFiles/DisplayC.dir/C_/Users/Michelangelo/.pico-sdk/sdk/2.1.0/src/rp2_common/pico_platform_panic/panic.c.obj
 .debug_abbrev  0x00000b2a      0x33b CMakeFiles/DisplayC.dir/C_/Users/Michelangelo/.pico-sdk/sdk/2.1.0/src/common/hardware_claim/claim.c.obj
 .debug_abbrev  0x00000e65      0x20d CMakeFiles/DisplayC.dir/C_/Users/Michelangelo/.pico-sdk/sdk/2.1.0/src/rp2_common/hardware_sync/sync.c.obj
 .debug_abbrev  0x00001072      0x1bb CMakeFiles/DisplayC.dir/C_/Users/Michelangelo/.pico-sdk/sdk/2.1.0/src/rp2_common/hardware_sync_spin_lock/sync_spin_lock.c.obj
 .debug_abbrev  0x0000122d      0x5ff CMakeFiles/DisplayC.dir/C_/Users/Michelangelo/.pico-sdk/sdk/2.1.0/src/rp2_common/hardware_irq/irq.c.obj
 .debug_abbrev  0x0000182c       0xee CMakeFiles/DisplayC.dir/C_/Users/Michelangelo/.pico-sdk/sdk/2.1.0/src/common/pico_sync/lock_core.c.obj
 .debug_abbrev  0x0000191a      0x48c CMakeFiles/DisplayC.dir/C_/Users/Michelangelo/.pico-sdk/sdk/2.1.0/src/common/pico_sync/mutex.c.obj
 .debug_abbrev  0x00001da6      0x67b CMakeFiles/DisplayC.dir/C_/Users/Michelangelo/.pico-sdk/sdk/2.1.0/src/common/pico_time/time.c.obj
 .debug_abbrev  0x00002421      0x4f2 CMakeFiles/DisplayC.dir/C_/Users/Michelangelo/.pico-sdk/sdk/2.1.0/src/rp2_common/hardware_timer/timer.c.obj
 .debug_abbrev  0x00002913      0x4e2 CMakeFiles/DisplayC.dir/C_/Users/Michelangelo/.pico-sdk/sdk/2.1.0/src/rp2_common/hardware_clocks/clocks.c.obj
 .debug_abbrev  0x00002df5      0x1d2 CMakeFiles/DisplayC.dir/C_/Users/Michelangelo/.pico-sdk/sdk/2.1.0/src/rp2_common/hardware_pll/pll.c.obj
 .debug_abbrev  0x00002fc7      0x145 CMakeFiles/DisplayC.dir/C_/Users/Michelangelo/.pico-sdk/sdk/2.1.0/src/rp2_common/hardware_ticks/ticks.c.obj
 .debug_abbrev  0x0000310c      0x1d7 CMakeFiles/DisplayC.dir/C_/Users/Michelangelo/.pico-sdk/sdk/2.1.0/src/rp2_common/pico_bootrom/bootrom.c.obj
 .debug_abbrev  0x000032e3      0x11b CMakeFiles/DisplayC.dir/C_/Users/Michelangelo/.pico-sdk/sdk/2.1.0/src/rp2_common/hardware_xosc/xosc.c.obj
 .debug_abbrev  0x000033fe      0x182 CMakeFiles/DisplayC.dir/C_/Users/Michelangelo/.pico-sdk/sdk/2.1.0/src/rp2_common/pico_runtime/runtime.c.obj
 .debug_abbrev  0x00003580      0x222 CMakeFiles/DisplayC.dir/C_/Users/Michelangelo/.pico-sdk/sdk/2.1.0/src/rp2_common/pico_runtime_init/runtime_init.c.obj
 .debug_abbrev  0x000037a2      0x294 CMakeFiles/DisplayC.dir/C_/Users/Michelangelo/.pico-sdk/sdk/2.1.0/src/rp2_common/pico_runtime_init/runtime_init_clocks.c.obj
 .debug_abbrev  0x00003a36       0x12 CMakeFiles/DisplayC.dir/C_/Users/Michelangelo/.pico-sdk/sdk/2.1.0/src/rp2_common/pico_bit_ops/bit_ops_aeabi.S.obj
 .debug_abbrev  0x00003a48       0x12 CMakeFiles/DisplayC.dir/C_/Users/Michelangelo/.pico-sdk/sdk/2.1.0/src/rp2_common/pico_divider/divider_hardware.S.obj
 .debug_abbrev  0x00003a5a       0x12 CMakeFiles/DisplayC.dir/C_/Users/Michelangelo/.pico-sdk/sdk/2.1.0/src/rp2_common/pico_double/double_aeabi_rp2040.S.obj
 .debug_abbrev  0x00003a6c      0x17a CMakeFiles/DisplayC.dir/C_/Users/Michelangelo/.pico-sdk/sdk/2.1.0/src/rp2_common/pico_double/double_init_rom_rp2040.c.obj
 .debug_abbrev  0x00003be6       0x12 CMakeFiles/DisplayC.dir/C_/Users/Michelangelo/.pico-sdk/sdk/2.1.0/src/rp2_common/pico_double/double_v1_rom_shim_rp2040.S.obj
 .debug_abbrev  0x00003bf8       0x14 CMakeFiles/DisplayC.dir/C_/Users/Michelangelo/.pico-sdk/sdk/2.1.0/src/rp2_common/pico_int64_ops/pico_int64_ops_aeabi.S.obj
 .debug_abbrev  0x00003c0c       0x12 CMakeFiles/DisplayC.dir/C_/Users/Michelangelo/.pico-sdk/sdk/2.1.0/src/rp2_common/pico_float/float_aeabi_rp2040.S.obj
 .debug_abbrev  0x00003c1e      0x173 CMakeFiles/DisplayC.dir/C_/Users/Michelangelo/.pico-sdk/sdk/2.1.0/src/rp2_common/pico_float/float_init_rom_rp2040.c.obj
 .debug_abbrev  0x00003d91       0x12 CMakeFiles/DisplayC.dir/C_/Users/Michelangelo/.pico-sdk/sdk/2.1.0/src/rp2_common/pico_float/float_v1_rom_shim_rp2040.S.obj
 .debug_abbrev  0x00003da3      0x1ad CMakeFiles/DisplayC.dir/C_/Users/Michelangelo/.pico-sdk/sdk/2.1.0/src/rp2_common/pico_malloc/malloc.c.obj
 .debug_abbrev  0x00003f50       0x12 CMakeFiles/DisplayC.dir/C_/Users/Michelangelo/.pico-sdk/sdk/2.1.0/src/rp2_common/pico_mem_ops/mem_ops_aeabi.S.obj
 .debug_abbrev  0x00003f62       0xb8 CMakeFiles/DisplayC.dir/C_/Users/Michelangelo/.pico-sdk/sdk/2.1.0/src/rp2_common/pico_standard_binary_info/standard_binary_info.c.obj
 .debug_abbrev  0x0000401a      0x525 CMakeFiles/DisplayC.dir/C_/Users/Michelangelo/.pico-sdk/sdk/2.1.0/src/rp2_common/pico_printf/printf.c.obj
 .debug_abbrev  0x0000453f       0x12 CMakeFiles/DisplayC.dir/C_/Users/Michelangelo/.pico-sdk/sdk/2.1.0/src/rp2_common/pico_crt0/crt0.S.obj
 .debug_abbrev  0x00004551      0x352 CMakeFiles/DisplayC.dir/C_/Users/Michelangelo/.pico-sdk/sdk/2.1.0/src/rp2_common/pico_clib_interface/newlib_interface.c.obj
 .debug_abbrev  0x000048a3      0x5d6 CMakeFiles/DisplayC.dir/C_/Users/Michelangelo/.pico-sdk/sdk/2.1.0/src/rp2_common/pico_stdio/stdio.c.obj
 .debug_abbrev  0x00004e79      0x153 CMakeFiles/DisplayC.dir/C_/Users/Michelangelo/.pico-sdk/sdk/2.1.0/src/rp2_common/pico_unique_id/unique_id.c.obj
 .debug_abbrev  0x00004fcc      0x35c CMakeFiles/DisplayC.dir/C_/Users/Michelangelo/.pico-sdk/sdk/2.1.0/src/rp2_common/hardware_flash/flash.c.obj
 .debug_abbrev  0x00005328      0x481 CMakeFiles/DisplayC.dir/C_/Users/Michelangelo/.pico-sdk/sdk/2.1.0/src/rp2_common/hardware_i2c/i2c.c.obj

.debug_loclists
                0x00000000    0x12964
 .debug_loclists
                0x00000000       0x40 CMakeFiles/DisplayC.dir/DisplayC.c.obj
 .debug_loclists
                0x00000040     0x1966 CMakeFiles/DisplayC.dir/inc/ssd1306.c.obj
 .debug_loclists
                0x000019a6     0x1a03 CMakeFiles/DisplayC.dir/C_/Users/Michelangelo/.pico-sdk/sdk/2.1.0/src/rp2_common/hardware_gpio/gpio.c.obj
 .debug_loclists
                0x000033a9      0x36e CMakeFiles/DisplayC.dir/C_/Users/Michelangelo/.pico-sdk/sdk/2.1.0/src/common/hardware_claim/claim.c.obj
 .debug_loclists
                0x00003717       0xf1 CMakeFiles/DisplayC.dir/C_/Users/Michelangelo/.pico-sdk/sdk/2.1.0/src/rp2_common/hardware_sync/sync.c.obj
 .debug_loclists
                0x00003808       0x7d CMakeFiles/DisplayC.dir/C_/Users/Michelangelo/.pico-sdk/sdk/2.1.0/src/rp2_common/hardware_sync_spin_lock/sync_spin_lock.c.obj
 .debug_loclists
                0x00003885     0x116f CMakeFiles/DisplayC.dir/C_/Users/Michelangelo/.pico-sdk/sdk/2.1.0/src/rp2_common/hardware_irq/irq.c.obj
 .debug_loclists
                0x000049f4       0x41 CMakeFiles/DisplayC.dir/C_/Users/Michelangelo/.pico-sdk/sdk/2.1.0/src/common/pico_sync/lock_core.c.obj
 .debug_loclists
                0x00004a35      0xafa CMakeFiles/DisplayC.dir/C_/Users/Michelangelo/.pico-sdk/sdk/2.1.0/src/common/pico_sync/mutex.c.obj
 .debug_loclists
                0x0000552f     0x24bd CMakeFiles/DisplayC.dir/C_/Users/Michelangelo/.pico-sdk/sdk/2.1.0/src/common/pico_time/time.c.obj
 .debug_loclists
                0x000079ec     0x1a12 CMakeFiles/DisplayC.dir/C_/Users/Michelangelo/.pico-sdk/sdk/2.1.0/src/rp2_common/hardware_timer/timer.c.obj
 .debug_loclists
                0x000093fe     0x28a5 CMakeFiles/DisplayC.dir/C_/Users/Michelangelo/.pico-sdk/sdk/2.1.0/src/rp2_common/hardware_clocks/clocks.c.obj
 .debug_loclists
                0x0000bca3      0x1e0 CMakeFiles/DisplayC.dir/C_/Users/Michelangelo/.pico-sdk/sdk/2.1.0/src/rp2_common/hardware_pll/pll.c.obj
 .debug_loclists
                0x0000be83       0x47 CMakeFiles/DisplayC.dir/C_/Users/Michelangelo/.pico-sdk/sdk/2.1.0/src/rp2_common/hardware_ticks/ticks.c.obj
 .debug_loclists
                0x0000beca      0x38a CMakeFiles/DisplayC.dir/C_/Users/Michelangelo/.pico-sdk/sdk/2.1.0/src/rp2_common/pico_bootrom/bootrom.c.obj
 .debug_loclists
                0x0000c254       0x48 CMakeFiles/DisplayC.dir/C_/Users/Michelangelo/.pico-sdk/sdk/2.1.0/src/rp2_common/hardware_xosc/xosc.c.obj
 .debug_loclists
                0x0000c29c       0x7e CMakeFiles/DisplayC.dir/C_/Users/Michelangelo/.pico-sdk/sdk/2.1.0/src/rp2_common/pico_runtime/runtime.c.obj
 .debug_loclists
                0x0000c31a       0xba CMakeFiles/DisplayC.dir/C_/Users/Michelangelo/.pico-sdk/sdk/2.1.0/src/rp2_common/pico_runtime_init/runtime_init.c.obj
 .debug_loclists
                0x0000c3d4       0x74 CMakeFiles/DisplayC.dir/C_/Users/Michelangelo/.pico-sdk/sdk/2.1.0/src/rp2_common/pico_runtime_init/runtime_init_clocks.c.obj
 .debug_loclists
                0x0000c448       0x3d CMakeFiles/DisplayC.dir/C_/Users/Michelangelo/.pico-sdk/sdk/2.1.0/src/rp2_common/pico_double/double_init_rom_rp2040.c.obj
 .debug_loclists
                0x0000c485       0x59 CMakeFiles/DisplayC.dir/C_/Users/Michelangelo/.pico-sdk/sdk/2.1.0/src/rp2_common/pico_float/float_init_rom_rp2040.c.obj
 .debug_loclists
                0x0000c4de      0x206 CMakeFiles/DisplayC.dir/C_/Users/Michelangelo/.pico-sdk/sdk/2.1.0/src/rp2_common/pico_malloc/malloc.c.obj
 .debug_loclists
                0x0000c6e4     0x2f65 CMakeFiles/DisplayC.dir/C_/Users/Michelangelo/.pico-sdk/sdk/2.1.0/src/rp2_common/pico_printf/printf.c.obj
 .debug_loclists
                0x0000f649      0x431 CMakeFiles/DisplayC.dir/C_/Users/Michelangelo/.pico-sdk/sdk/2.1.0/src/rp2_common/pico_clib_interface/newlib_interface.c.obj
 .debug_loclists
                0x0000fa7a      0xea9 CMakeFiles/DisplayC.dir/C_/Users/Michelangelo/.pico-sdk/sdk/2.1.0/src/rp2_common/pico_stdio/stdio.c.obj
 .debug_loclists
                0x00010923      0x3d5 CMakeFiles/DisplayC.dir/C_/Users/Michelangelo/.pico-sdk/sdk/2.1.0/src/rp2_common/pico_unique_id/unique_id.c.obj
 .debug_loclists
                0x00010cf8      0x8c5 CMakeFiles/DisplayC.dir/C_/Users/Michelangelo/.pico-sdk/sdk/2.1.0/src/rp2_common/hardware_flash/flash.c.obj
 .debug_loclists
                0x000115bd     0x13a7 CMakeFiles/DisplayC.dir/C_/Users/Michelangelo/.pico-sdk/sdk/2.1.0/src/rp2_common/hardware_i2c/i2c.c.obj

.debug_aranges  0x00000000     0x1020
 .debug_aranges
                0x00000000       0x20 CMakeFiles/DisplayC.dir/DisplayC.c.obj
 .debug_aranges
                0x00000020       0x78 CMakeFiles/DisplayC.dir/inc/ssd1306.c.obj
 .debug_aranges
                0x00000098      0x120 CMakeFiles/DisplayC.dir/C_/Users/Michelangelo/.pico-sdk/sdk/2.1.0/src/rp2_common/hardware_gpio/gpio.c.obj
 .debug_aranges
                0x000001b8       0x28 CMakeFiles/DisplayC.dir/C_/Users/Michelangelo/.pico-sdk/sdk/2.1.0/src/rp2_common/pico_platform_panic/panic.c.obj
 .debug_aranges
                0x000001e0       0x48 CMakeFiles/DisplayC.dir/C_/Users/Michelangelo/.pico-sdk/sdk/2.1.0/src/common/hardware_claim/claim.c.obj
 .debug_aranges
                0x00000228       0x48 CMakeFiles/DisplayC.dir/C_/Users/Michelangelo/.pico-sdk/sdk/2.1.0/src/rp2_common/hardware_sync/sync.c.obj
 .debug_aranges
                0x00000270       0x28 CMakeFiles/DisplayC.dir/C_/Users/Michelangelo/.pico-sdk/sdk/2.1.0/src/rp2_common/hardware_sync_spin_lock/sync_spin_lock.c.obj
 .debug_aranges
                0x00000298       0xb0 CMakeFiles/DisplayC.dir/C_/Users/Michelangelo/.pico-sdk/sdk/2.1.0/src/rp2_common/hardware_irq/irq.c.obj
 .debug_aranges